Archive member included to satisfy reference by file (symbol)

/usr/lib/gcc/arm-none-eabi/10.3.1/../../../arm-none-eabi/lib/thumb/v7e-m+fp/softfp/libm.a(lib_a-s_cos.o)
                              ./build/Debug/UC/steering_wheel_chassis.o (cos)
/usr/lib/gcc/arm-none-eabi/10.3.1/../../../arm-none-eabi/lib/thumb/v7e-m+fp/softfp/libm.a(lib_a-s_sin.o)
                              ./build/Debug/UC/steering_wheel_chassis.o (sin)
/usr/lib/gcc/arm-none-eabi/10.3.1/../../../arm-none-eabi/lib/thumb/v7e-m+fp/softfp/libm.a(lib_a-w_atan2.o)
                              ./build/Debug/UC/steering_wheel_chassis.o (atan2)
/usr/lib/gcc/arm-none-eabi/10.3.1/../../../arm-none-eabi/lib/thumb/v7e-m+fp/softfp/libm.a(lib_a-w_fmod.o)
                              ./build/Debug/UC/steering_wheel.o (fmod)
/usr/lib/gcc/arm-none-eabi/10.3.1/../../../arm-none-eabi/lib/thumb/v7e-m+fp/softfp/libm.a(lib_a-w_sqrt.o)
                              ./build/Debug/UC/steering_wheel_chassis.o (sqrt)
/usr/lib/gcc/arm-none-eabi/10.3.1/../../../arm-none-eabi/lib/thumb/v7e-m+fp/softfp/libm.a(lib_a-e_atan2.o)
                              /usr/lib/gcc/arm-none-eabi/10.3.1/../../../arm-none-eabi/lib/thumb/v7e-m+fp/softfp/libm.a(lib_a-w_atan2.o) (__ieee754_atan2)
/usr/lib/gcc/arm-none-eabi/10.3.1/../../../arm-none-eabi/lib/thumb/v7e-m+fp/softfp/libm.a(lib_a-e_fmod.o)
                              /usr/lib/gcc/arm-none-eabi/10.3.1/../../../arm-none-eabi/lib/thumb/v7e-m+fp/softfp/libm.a(lib_a-w_fmod.o) (__ieee754_fmod)
/usr/lib/gcc/arm-none-eabi/10.3.1/../../../arm-none-eabi/lib/thumb/v7e-m+fp/softfp/libm.a(lib_a-e_rem_pio2.o)
                              /usr/lib/gcc/arm-none-eabi/10.3.1/../../../arm-none-eabi/lib/thumb/v7e-m+fp/softfp/libm.a(lib_a-s_cos.o) (__ieee754_rem_pio2)
/usr/lib/gcc/arm-none-eabi/10.3.1/../../../arm-none-eabi/lib/thumb/v7e-m+fp/softfp/libm.a(lib_a-e_sqrt.o)
                              /usr/lib/gcc/arm-none-eabi/10.3.1/../../../arm-none-eabi/lib/thumb/v7e-m+fp/softfp/libm.a(lib_a-w_sqrt.o) (__ieee754_sqrt)
/usr/lib/gcc/arm-none-eabi/10.3.1/../../../arm-none-eabi/lib/thumb/v7e-m+fp/softfp/libm.a(lib_a-k_cos.o)
                              /usr/lib/gcc/arm-none-eabi/10.3.1/../../../arm-none-eabi/lib/thumb/v7e-m+fp/softfp/libm.a(lib_a-s_cos.o) (__kernel_cos)
/usr/lib/gcc/arm-none-eabi/10.3.1/../../../arm-none-eabi/lib/thumb/v7e-m+fp/softfp/libm.a(lib_a-k_rem_pio2.o)
                              /usr/lib/gcc/arm-none-eabi/10.3.1/../../../arm-none-eabi/lib/thumb/v7e-m+fp/softfp/libm.a(lib_a-e_rem_pio2.o) (__kernel_rem_pio2)
/usr/lib/gcc/arm-none-eabi/10.3.1/../../../arm-none-eabi/lib/thumb/v7e-m+fp/softfp/libm.a(lib_a-k_sin.o)
                              /usr/lib/gcc/arm-none-eabi/10.3.1/../../../arm-none-eabi/lib/thumb/v7e-m+fp/softfp/libm.a(lib_a-s_cos.o) (__kernel_sin)
/usr/lib/gcc/arm-none-eabi/10.3.1/../../../arm-none-eabi/lib/thumb/v7e-m+fp/softfp/libm.a(lib_a-s_atan.o)
                              /usr/lib/gcc/arm-none-eabi/10.3.1/../../../arm-none-eabi/lib/thumb/v7e-m+fp/softfp/libm.a(lib_a-e_atan2.o) (atan)
/usr/lib/gcc/arm-none-eabi/10.3.1/../../../arm-none-eabi/lib/thumb/v7e-m+fp/softfp/libm.a(lib_a-s_fabs.o)
                              /usr/lib/gcc/arm-none-eabi/10.3.1/../../../arm-none-eabi/lib/thumb/v7e-m+fp/softfp/libm.a(lib_a-e_atan2.o) (fabs)
/usr/lib/gcc/arm-none-eabi/10.3.1/../../../arm-none-eabi/lib/thumb/v7e-m+fp/softfp/libm.a(lib_a-s_floor.o)
                              /usr/lib/gcc/arm-none-eabi/10.3.1/../../../arm-none-eabi/lib/thumb/v7e-m+fp/softfp/libm.a(lib_a-k_rem_pio2.o) (floor)
/usr/lib/gcc/arm-none-eabi/10.3.1/../../../arm-none-eabi/lib/thumb/v7e-m+fp/softfp/libm.a(lib_a-s_lib_ver.o)
                              /usr/lib/gcc/arm-none-eabi/10.3.1/../../../arm-none-eabi/lib/thumb/v7e-m+fp/softfp/libm.a(lib_a-w_fmod.o) (__fdlib_version)
/usr/lib/gcc/arm-none-eabi/10.3.1/../../../arm-none-eabi/lib/thumb/v7e-m+fp/softfp/libm.a(lib_a-s_scalbn.o)
                              /usr/lib/gcc/arm-none-eabi/10.3.1/../../../arm-none-eabi/lib/thumb/v7e-m+fp/softfp/libm.a(lib_a-k_rem_pio2.o) (scalbn)
/usr/lib/gcc/arm-none-eabi/10.3.1/thumb/v7e-m+fp/softfp/libgcc.a(_arm_muldf3.o)
                              ./build/Debug/UC/steering_wheel_chassis.o (__aeabi_dmul)
/usr/lib/gcc/arm-none-eabi/10.3.1/thumb/v7e-m+fp/softfp/libgcc.a(_arm_addsubdf3.o)
                              ./build/Debug/UC/steering_wheel_chassis.o (__aeabi_dsub)
/usr/lib/gcc/arm-none-eabi/10.3.1/thumb/v7e-m+fp/softfp/libgcc.a(_arm_muldivdf3.o)
                              /usr/lib/gcc/arm-none-eabi/10.3.1/../../../arm-none-eabi/lib/thumb/v7e-m+fp/softfp/libm.a(lib_a-w_fmod.o) (__aeabi_ddiv)
/usr/lib/gcc/arm-none-eabi/10.3.1/thumb/v7e-m+fp/softfp/libgcc.a(_arm_cmpdf2.o)
                              /usr/lib/gcc/arm-none-eabi/10.3.1/../../../arm-none-eabi/lib/thumb/v7e-m+fp/softfp/libm.a(lib_a-w_fmod.o) (__aeabi_dcmpeq)
/usr/lib/gcc/arm-none-eabi/10.3.1/thumb/v7e-m+fp/softfp/libgcc.a(_arm_unorddf2.o)
[...]
Memory Configuration

Name             Origin             Length             Attributes
RAM              0x0000000020000000 0x0000000000030000 xrw
CCMRAM           0x0000000010000000 0x0000000000010000 xrw
FLASH            0x0000000008000000 0x0000000000200000 xr
*default*        0x0000000000000000 0xffffffffffffffff

Linker script and memory map

LOAD /usr/lib/gcc/arm-none-eabi/10.3.1/thumb/v7e-m+fp/softfp/crti.o
LOAD /usr/lib/gcc/arm-none-eabi/10.3.1/thumb/v7e-m+fp/softfp/crtbegin.o
LOAD /usr/lib/gcc/arm-none-eabi/10.3.1/../../../arm-none-eabi/lib/thumb/v7e-m+fp/softfp/crt0.o
LOAD ./build/Debug/Core/Src/can.o
LOAD ./build/Debug/Core/Src/dma.o
LOAD ./build/Debug/Core/Src/freertos.o
LOAD ./build/Debug/Core/Src/gpio.o
LOAD ./build/Debug/Core/Src/main.o
LOAD ./build/Debug/Core/Src/stm32f4xx_hal_msp.o
LOAD ./build/Debug/Core/Src/stm32f4xx_hal_timebase_tim.o
LOAD ./build/Debug/Core/Src/stm32f4xx_it.o
LOAD ./build/Debug/Core/Src/syscalls.o
LOAD ./build/Debug/Core/Src/sysmem.o
LOAD ./build/Debug/Core/Src/system_stm32f4xx.o
LOAD ./build/Debug/Core/Src/tim.o
LOAD ./build/Debug/Core/Src/usart.o
LOAD ./build/Debug/Core/Startup/startup_stm32f427iihx.o
LOAD ./build/Debug/Drivers/STM32F4xx_HAL_Driver/Src/stm32f4xx_hal.o
LOAD ./build/Debug/Drivers/STM32F4xx_HAL_Driver/Src/stm32f4xx_hal_can.o
LOAD ./build/Debug/Drivers/STM32F4xx_HAL_Driver/Src/stm32f4xx_hal_cortex.o
LOAD ./build/Debug/Drivers/STM32F4xx_HAL_Driver/Src/stm32f4xx_hal_dma.o
LOAD ./build/Debug/Drivers/STM32F4xx_HAL_Driver/Src/stm32f4xx_hal_dma_ex.o
LOAD ./build/Debug/Drivers/STM32F4xx_HAL_Driver/Src/stm32f4xx_hal_exti.o
LOAD ./build/Debug/Drivers/STM32F4xx_HAL_Driver/Src/stm32f4xx_hal_flash.o
LOAD ./build/Debug/Drivers/STM32F4xx_HAL_Driver/Src/stm32f4xx_hal_flash_ex.o
LOAD ./build/Debug/Drivers/STM32F4xx_HAL_Driver/Src/stm32f4xx_hal_flash_ramfunc.o
LOAD ./build/Debug/Drivers/STM32F4xx_HAL_Driver/Src/stm32f4xx_hal_gpio.o
LOAD ./build/Debug/Drivers/STM32F4xx_HAL_Driver/Src/stm32f4xx_hal_pwr.o
LOAD ./build/Debug/Drivers/STM32F4xx_HAL_Driver/Src/stm32f4xx_hal_pwr_ex.o
LOAD ./build/Debug/Drivers/STM32F4xx_HAL_Driver/Src/stm32f4xx_hal_rcc.o
LOAD ./build/Debug/Drivers/STM32F4xx_HAL_Driver/Src/stm32f4xx_hal_rcc_ex.o
LOAD ./build/Debug/Drivers/STM32F4xx_HAL_Driver/Src/stm32f4xx_hal_tim.o
LOAD ./build/Debug/Drivers/STM32F4xx_HAL_Driver/Src/stm32f4xx_hal_tim_ex.o
LOAD ./build/Debug/Drivers/STM32F4xx_HAL_Driver/Src/stm32f4xx_hal_uart.o
LOAD ./build/Debug/Middlewares/Third_Party/FreeRTOS/Source/CMSIS_RTOS_V2/cmsis_os2.o
LOAD ./build/Debug/Middlewares/Third_Party/FreeRTOS/Source/croutine.o
LOAD ./build/Debug/Middlewares/Third_Party/FreeRTOS/Source/event_groups.o
LOAD ./build/Debug/Middlewares/Third_Party/FreeRTOS/Source/list.o
LOAD ./build/Debug/Middlewares/Third_Party/FreeRTOS/Source/portable/GCC/ARM_CM4F/port.o
LOAD ./build/Debug/Middlewares/Third_Party/FreeRTOS/Source/portable/MemMang/heap_4.o
LOAD ./build/Debug/Middlewares/Third_Party/FreeRTOS/Source/queue.o
LOAD ./build/Debug/Middlewares/Third_Party/FreeRTOS/Source/stream_buffer.o
LOAD ./build/Debug/Middlewares/Third_Party/FreeRTOS/Source/tasks.o
LOAD ./build/Debug/Middlewares/Third_Party/FreeRTOS/Source/timers.o
LOAD ./build/Debug/UC/Caculate.o
LOAD ./build/Debug/UC/DJI.o
LOAD ./build/Debug/UC/Event_Define.o
LOAD ./build/Debug/UC/FeeTech.o
LOAD ./build/Debug/UC/HStateMachine.o
LOAD ./build/Debug/UC/_main_thread.o
LOAD ./build/Debug/UC/_mavlink_thread.o
LOAD ./build/Debug/UC/bsp_GPIO_ENABLE.o
LOAD ./build/Debug/UC/ops.o
LOAD ./build/Debug/UC/retarget.o
LOAD ./build/Debug/UC/steering_wheel.o
LOAD ./build/Debug/UC/steering_wheel_chassis.o
LOAD ./build/Debug/UC/wtr_can.o
LOAD ./build/Debug/UC/wtr_mavlink.o
LOAD ./build/Debug/UC/wtr_vesc.o
LOAD ./build/Debug/Unitree_SDK/GO-M8010-6.o
LOAD ./build/Debug/Unitree_SDK/Unitree_user.o
LOAD /usr/lib/gcc/arm-none-eabi/10.3.1/../../../arm-none-eabi/lib/thumb/v7e-m+fp/softfp/libm.a
START GROUP
LOAD /usr/lib/gcc/arm-none-eabi/10.3.1/thumb/v7e-m+fp/softfp/libgcc.a
LOAD /usr/lib/gcc/arm-none-eabi/10.3.1/../../../arm-none-eabi/lib/thumb/v7e-m+fp/softfp/libc_nano.a
END GROUP
START GROUP
LOAD /usr/lib/gcc/arm-none-eabi/10.3.1/thumb/v7e-m+fp/softfp/libgcc.a
LOAD /usr/lib/gcc/arm-none-eabi/10.3.1/../../../arm-none-eabi/lib/thumb/v7e-m+fp/softfp/libc_nano.a
LOAD /usr/lib/gcc/arm-none-eabi/10.3.1/../../../arm-none-eabi/lib/thumb/v7e-m+fp/softfp/libnosys.a
END GROUP
START GROUP
LOAD /usr/lib/gcc/arm-none-eabi/10.3.1/thumb/v7e-m+fp/softfp/libgcc.a
LOAD /usr/lib/gcc/arm-none-eabi/10.3.1/../../../arm-none-eabi/lib/thumb/v7e-m+fp/softfp/libc_nano.a
LOAD /usr/lib/gcc/arm-none-eabi/10.3.1/../../../arm-none-eabi/lib/thumb/v7e-m+fp/softfp/libnosys.a
END GROUP
LOAD /usr/lib/gcc/arm-none-eabi/10.3.1/thumb/v7e-m+fp/softfp/crtend.o
LOAD /usr/lib/gcc/arm-none-eabi/10.3.1/thumb/v7e-m+fp/softfp/crtn.o
                0x0000000020030000                _estack = (ORIGIN (RAM) + LENGTH (RAM))
                0x0000000000000200                _Min_Heap_Size = 0x200
                0x0000000000000400                _Min_Stack_Size = 0x400

.isr_vector     0x0000000008000000      0x1ac
                0x0000000008000000                . = ALIGN (0x4)
 *(.isr_vector)
 .isr_vector    0x0000000008000000      0x1ac ./build/Debug/Core/Startup/startup_stm32f427iihx.o
                0x0000000008000000                g_pfnVectors
                0x00000000080001ac                . = ALIGN (0x4)

.text           0x00000000080001b0     0xad20
                0x00000000080001b0                . = ALIGN (0x4)
 *(.text)
 .text          0x00000000080001b0       0x88 /usr/lib/gcc/arm-none-eabi/10.3.1/thumb/v7e-m+fp/softfp/crtbegin.o
 .text          0x0000000008000238       0xa0 /usr/lib/gcc/arm-none-eabi/10.3.1/../../../arm-none-eabi/lib/thumb/v7e-m+fp/softfp/libm.a(lib_a-s_cos.o)
                0x0000000008000238                cos
 .text          0x00000000080002d8       0x94 /usr/lib/gcc/arm-none-eabi/10.3.1/../../../arm-none-eabi/lib/thumb/v7e-m+fp/softfp/libm.a(lib_a-s_sin.o)
                0x00000000080002d8                sin
 .text          0x000000000800036c        0x4 /usr/lib/gcc/arm-none-eabi/10.3.1/../../../arm-none-eabi/lib/thumb/v7e-m+fp/softfp/libm.a(lib_a-w_atan2.o)
                0x000000000800036c                atan2
 .text          0x0000000008000370       0x68 /usr/lib/gcc/arm-none-eabi/10.3.1/../../../arm-none-eabi/lib/thumb/v7e-m+fp/softfp/libm.a(lib_a-w_fmod.o)
                0x0000000008000370                fmod
 .text          0x00000000080003d8       0x5c /usr/lib/gcc/arm-none-eabi/10.3.1/../../../arm-none-eabi/lib/thumb/v7e-m+fp/softfp/libm.a(lib_a-w_sqrt.o)
                0x00000000080003d8                sqrt
 *fill*         0x0000000008000434        0x4 
 .text          0x0000000008000438      0x190 /usr/lib/gcc/arm-none-eabi/10.3.1/../../../arm-none-eabi/lib/thumb/v7e-m+fp/softfp/libm.a(lib_a-e_atan2.o)
                0x0000000008000438                __ieee754_atan2
 .text          0x00000000080005c8      0x254 /usr/lib/gcc/arm-none-eabi/10.3.1/../../../arm-none-eabi/lib/thumb/v7e-m+fp/softfp/libm.a(lib_a-e_fmod.o)
                0x00000000080005c8                __ieee754_fmod
 *fill*         0x000000000800081c        0x4 
 .text          0x0000000008000820      0x434 /usr/lib/gcc/arm-none-eabi/10.3.1/../../../arm-none-eabi/lib/thumb/v7e-m+fp/softfp/libm.a(lib_a-e_rem_pio2.o)
                0x0000000008000820                __ieee754_rem_pio2
 .text          0x0000000008000c54      0x16c /usr/lib/gcc/arm-none-eabi/10.3.1/../../../arm-none-eabi/lib/thumb/v7e-m+fp/softfp/libm.a(lib_a-e_sqrt.o)
                0x0000000008000c54                __ieee754_sqrt
 .text          0x0000000008000dc0      0x25c /usr/lib/gcc/arm-none-eabi/10.3.1/../../../arm-none-eabi/lib/thumb/v7e-m+fp/softfp/libm.a(lib_a-k_cos.o)
                0x0000000008000dc0                __kernel_cos
 *fill*         0x000000000800101c        0x4 
 .text          0x0000000008001020      0x830 /usr/lib/gcc/arm-none-eabi/10.3.1/../../../arm-none-eabi/lib/thumb/v7e-m+fp/softfp/libm.a(lib_a-k_rem_pio2.o)
                0x0000000008001020                __kernel_rem_pio2
 .text          0x0000000008001850      0x16c /usr/lib/gcc/arm-none-eabi/10.3.1/../../../arm-none-eabi/lib/thumb/v7e-m+fp/softfp/libm.a(lib_a-k_sin.o)
                0x0000000008001850                __kernel_sin
 *fill*         0x00000000080019bc        0x4 
 .text          0x00000000080019c0      0x30c /usr/lib/gcc/arm-none-eabi/10.3.1/../../../arm-none-eabi/lib/thumb/v7e-m+fp/softfp/libm.a(lib_a-s_atan.o)
                0x00000000080019c0                atan
 .text          0x0000000008001ccc        0x8 /usr/lib/gcc/arm-none-eabi/10.3.1/../../../arm-none-eabi/lib/thumb/v7e-m+fp/softfp/libm.a(lib_a-s_fabs.o)
                0x0000000008001ccc                fabs
 *fill*         0x0000000008001cd4        0x4 
 .text          0x0000000008001cd8       0xf8 /usr/lib/gcc/arm-none-eabi/10.3.1/../../../arm-none-eabi/lib/thumb/v7e-m+fp/softfp/libm.a(lib_a-s_floor.o)
                0x0000000008001cd8                floor
 .text          0x0000000008001dd0      0x104 /usr/lib/gcc/arm-none-eabi/10.3.1/../../../arm-none-eabi/lib/thumb/v7e-m+fp/softfp/libm.a(lib_a-s_scalbn.o)
                0x0000000008001dd0                scalbn
 .text          0x0000000008001ed4      0x378 /usr/lib/gcc/arm-none-eabi/10.3.1/thumb/v7e-m+fp/softfp/libgcc.a(_arm_addsubdf3.o)
                0x0000000008001ed4                __aeabi_drsub
                0x0000000008001edc                __aeabi_dsub
                0x0000000008001edc                __subdf3
                0x0000000008001ee0                __adddf3
                0x0000000008001ee0                __aeabi_dadd
                0x0000000008002158                __aeabi_ui2d
                0x0000000008002158                __floatunsidf
                0x0000000008002178                __floatsidf
                0x0000000008002178                __aeabi_i2d
                0x000000000800219c                __extendsfdf2
                0x000000000800219c                __aeabi_f2d
                0x00000000080021e0                __aeabi_ul2d
                0x00000000080021e0                __floatundidf
                0x00000000080021f0                __floatdidf
                0x00000000080021f0                __aeabi_l2d
 .text          0x000000000800224c      0x424 /usr/lib/gcc/arm-none-eabi/10.3.1/thumb/v7e-m+fp/softfp/libgcc.a(_arm_muldivdf3.o)
                0x000000000800224c                __aeabi_dmul
                0x000000000800224c                __muldf3
                0x00000000080024a0                __aeabi_ddiv
                0x00000000080024a0                __divdf3
 .text          0x0000000008002670      0x110 /usr/lib/gcc/arm-none-eabi/10.3.1/thumb/v7e-m+fp/softfp/libgcc.a(_arm_cmpdf2.o)
                0x0000000008002670                __gtdf2
                0x0000000008002670                __gedf2
                0x0000000008002678                __ltdf2
                0x0000000008002678                __ledf2
                0x0000000008002680                __cmpdf2
                0x0000000008002680                __eqdf2
                0x0000000008002680                __nedf2
                0x00000000080026fc                __aeabi_cdrcmple
                0x000000000800270c                __aeabi_cdcmple
                0x000000000800270c                __aeabi_cdcmpeq
                0x000000000800271c                __aeabi_dcmpeq
                0x0000000008002730                __aeabi_dcmplt
                0x0000000008002744                __aeabi_dcmple
                0x0000000008002758                __aeabi_dcmpge
                0x000000000800276c                __aeabi_dcmpgt
 .text          0x0000000008002780       0x2c /usr/lib/gcc/arm-none-eabi/10.3.1/thumb/v7e-m+fp/softfp/libgcc.a(_arm_unorddf2.o)
                0x0000000008002780                __aeabi_dcmpun
                0x0000000008002780                __unorddf2
 .text          0x00000000080027ac       0x50 /usr/lib/gcc/arm-none-eabi/10.3.1/thumb/v7e-m+fp/softfp/libgcc.a(_arm_fixdfsi.o)
                0x00000000080027ac                __fixdfsi
                0x00000000080027ac                __aeabi_d2iz
 .text          0x00000000080027fc       0xa0 /usr/lib/gcc/arm-none-eabi/10.3.1/thumb/v7e-m+fp/softfp/libgcc.a(_arm_truncdfsf2.o)
                0x00000000080027fc                __aeabi_d2f
                0x00000000080027fc                __truncdfsf2
 .text          0x000000000800289c       0x30 /usr/lib/gcc/arm-none-eabi/10.3.1/thumb/v7e-m+fp/softfp/libgcc.a(_aeabi_uldivmod.o)
                0x000000000800289c                __aeabi_uldivmod
 .text          0x00000000080028cc      0x2d0 /usr/lib/gcc/arm-none-eabi/10.3.1/thumb/v7e-m+fp/softfp/libgcc.a(_udivmoddi4.o)
                0x00000000080028cc                __udivmoddi4
 .text          0x0000000008002b9c        0x4 /usr/lib/gcc/arm-none-eabi/10.3.1/thumb/v7e-m+fp/softfp/libgcc.a(_dvmd_tls.o)
                0x0000000008002b9c                __aeabi_ldiv0
                0x0000000008002b9c                __aeabi_idiv0
 .text          0x0000000008002ba0        0xc /usr/lib/gcc/arm-none-eabi/10.3.1/../../../arm-none-eabi/lib/thumb/v7e-m+fp/softfp/libc_nano.a(lib_a-errno.o)
                0x0000000008002ba0                __errno
 .text          0x0000000008002bac      0x238 /usr/lib/gcc/arm-none-eabi/10.3.1/../../../arm-none-eabi/lib/thumb/v7e-m+fp/softfp/libc_nano.a(lib_a-findfp.o)
                0x0000000008002bb0                _cleanup_r
                0x0000000008002bc0                __sfmoreglue
                0x0000000008002bf0                __sfp
                0x0000000008002d90                _cleanup
                0x0000000008002da4                __sinit
                0x0000000008002dac                __sfp_lock_acquire
                0x0000000008002db0                __sfp_lock_release
                0x0000000008002db4                __sinit_lock_acquire
                0x0000000008002db8                __sinit_lock_release
                0x0000000008002dbc                __fp_lock_all
                0x0000000008002dd0                __fp_unlock_all
 .text          0x0000000008002de4       0x88 /usr/lib/gcc/arm-none-eabi/10.3.1/../../../arm-none-eabi/lib/thumb/v7e-m+fp/softfp/libc_nano.a(lib_a-fwalk.o)
                0x0000000008002de4                _fwalk
                0x0000000008002e24                _fwalk_reent
 .text          0x0000000008002e6c       0x48 /usr/lib/gcc/arm-none-eabi/10.3.1/../../../arm-none-eabi/lib/thumb/v7e-m+fp/softfp/libc_nano.a(lib_a-init.o)
                0x0000000008002e6c                __libc_init_array
 .text          0x0000000008002eb4       0x64 /usr/lib/gcc/arm-none-eabi/10.3.1/../../../arm-none-eabi/lib/thumb/v7e-m+fp/softfp/libc_nano.a(lib_a-memcmp.o)
                0x0000000008002eb4                memcmp
 .text          0x0000000008002f18      0x134 /usr/lib/gcc/arm-none-eabi/10.3.1/../../../arm-none-eabi/lib/thumb/v7e-m+fp/softfp/libc_nano.a(lib_a-memcpy.o)
                0x0000000008002f18                memcpy
 .text          0x000000000800304c       0xa4 /usr/lib/gcc/arm-none-eabi/10.3.1/../../../arm-none-eabi/lib/thumb/v7e-m+fp/softfp/libc_nano.a(lib_a-memset.o)
                0x000000000800304c                memset
 .text          0x00000000080030f0       0xb4 /usr/lib/gcc/arm-none-eabi/10.3.1/../../../arm-none-eabi/lib/thumb/v7e-m+fp/softfp/libc_nano.a(lib_a-nano-mallocr.o)
                0x00000000080030f0                _malloc_r
 .text          0x00000000080031a4      0x114 /usr/lib/gcc/arm-none-eabi/10.3.1/../../../arm-none-eabi/lib/thumb/v7e-m+fp/softfp/libc_nano.a(lib_a-reent.o)
                0x00000000080031a4                cleanup_glue
                0x00000000080031ec                _reclaim_reent
 .text          0x00000000080032b8       0x24 /usr/lib/gcc/arm-none-eabi/10.3.1/../../../arm-none-eabi/lib/thumb/v7e-m+fp/softfp/libc_nano.a(lib_a-sbrkr.o)
                0x00000000080032b8                _sbrk_r
 .text          0x00000000080032dc      0x180 /usr/lib/gcc/arm-none-eabi/10.3.1/../../../arm-none-eabi/lib/thumb/v7e-m+fp/softfp/libc_nano.a(lib_a-setvbuf.o)
                0x00000000080032dc                setvbuf
 .text          0x000000000800345c       0x90 /usr/lib/gcc/arm-none-eabi/10.3.1/../../../arm-none-eabi/lib/thumb/v7e-m+fp/softfp/libc_nano.a(lib_a-stdio.o)
                0x000000000800345c                __sread
                0x0000000008003480                __seofread
                0x0000000008003484                __swrite
                0x00000000080034c4                __sseek
                0x00000000080034e4                __sclose
 .text          0x00000000080034ec       0x2c /usr/lib/gcc/arm-none-eabi/10.3.1/../../../arm-none-eabi/lib/thumb/v7e-m+fp/softfp/libc_nano.a(lib_a-writer.o)
                0x00000000080034ec                _write_r
 .text          0x0000000008003518       0x24 /usr/lib/gcc/arm-none-eabi/10.3.1/../../../arm-none-eabi/lib/thumb/v7e-m+fp/softfp/libc_nano.a(lib_a-closer.o)
                0x0000000008003518                _close_r
 .text          0x000000000800353c      0x1e8 /usr/lib/gcc/arm-none-eabi/10.3.1/../../../arm-none-eabi/lib/thumb/v7e-m+fp/softfp/libc_nano.a(lib_a-fflush.o)
                0x000000000800353c                __sflush_r
                0x0000000008003650                _fflush_r
                0x00000000080036a4                fflush
 .text          0x0000000008003724       0x2c /usr/lib/gcc/arm-none-eabi/10.3.1/../../../arm-none-eabi/lib/thumb/v7e-m+fp/softfp/libc_nano.a(lib_a-lseekr.o)
                0x0000000008003724                _lseek_r
 .text          0x0000000008003750      0x11c /usr/lib/gcc/arm-none-eabi/10.3.1/../../../arm-none-eabi/lib/thumb/v7e-m+fp/softfp/libc_nano.a(lib_a-makebuf.o)
                0x0000000008003750                __smakebuf_r
                0x0000000008003810                __swhatbuf_r
 .text          0x000000000800386c       0x20 /usr/lib/gcc/arm-none-eabi/10.3.1/../../../arm-none-eabi/lib/thumb/v7e-m+fp/softfp/libc_nano.a(lib_a-malloc.o)
                0x000000000800386c                malloc
                0x000000000800387c                free
 .text          0x000000000800388c        0x8 /usr/lib/gcc/arm-none-eabi/10.3.1/../../../arm-none-eabi/lib/thumb/v7e-m+fp/softfp/libc_nano.a(lib_a-mlock.o)
                0x000000000800388c                __malloc_lock
                0x0000000008003890                __malloc_unlock
 .text          0x0000000008003894       0xc4 /usr/lib/gcc/arm-none-eabi/10.3.1/../../../arm-none-eabi/lib/thumb/v7e-m+fp/softfp/libc_nano.a(lib_a-nano-freer.o)
                0x0000000008003894                _free_r
 .text          0x0000000008003958       0x2c /usr/lib/gcc/arm-none-eabi/10.3.1/../../../arm-none-eabi/lib/thumb/v7e-m+fp/softfp/libc_nano.a(lib_a-readr.o)
                0x0000000008003958                _read_r
 .text          0x0000000008003984       0x2c /usr/lib/gcc/arm-none-eabi/10.3.1/../../../arm-none-eabi/lib/thumb/v7e-m+fp/softfp/libc_nano.a(lib_a-fstatr.o)
                0x0000000008003984                _fstat_r
 .text          0x00000000080039b0       0x24 /usr/lib/gcc/arm-none-eabi/10.3.1/../../../arm-none-eabi/lib/thumb/v7e-m+fp/softfp/libc_nano.a(lib_a-isattyr.o)
                0x00000000080039b0                _isatty_r
 *(.text*)
 .text.MX_CAN1_Init
                0x00000000080039d4       0x3c ./build/Debug/Core/Src/can.o
                0x00000000080039d4                MX_CAN1_Init
 .text.HAL_CAN_MspInit
                0x0000000008003a10       0x7c ./build/Debug/Core/Src/can.o
                0x0000000008003a10                HAL_CAN_MspInit
 .text.MX_DMA_Init
                0x0000000008003a8c       0x44 ./build/Debug/Core/Src/dma.o
                0x0000000008003a8c                MX_DMA_Init
 .text.MX_FREERTOS_Init
                0x0000000008003ad0       0x54 ./build/Debug/Core/Src/freertos.o
                0x0000000008003ad0                MX_FREERTOS_Init
 .text.MX_GPIO_Init
                0x0000000008003b24      0x140 ./build/Debug/Core/Src/gpio.o
                0x0000000008003b24                MX_GPIO_Init
 .text.HAL_TIM_PeriodElapsedCallback
                0x0000000008003c64       0x18 ./build/Debug/Core/Src/main.o
                0x0000000008003c64                HAL_TIM_PeriodElapsedCallback
 .text.Error_Handler
                0x0000000008003c7c        0x4 ./build/Debug/Core/Src/main.o
                0x0000000008003c7c                Error_Handler
 .text.SystemClock_Config
                0x0000000008003c80       0xb4 ./build/Debug/Core/Src/main.o
                0x0000000008003c80                SystemClock_Config
 .text.main     0x0000000008003d34       0x48 ./build/Debug/Core/Src/main.o
                0x0000000008003d34                main
 .text.HAL_MspInit
                0x0000000008003d7c       0x44 ./build/Debug/Core/Src/stm32f4xx_hal_msp.o
                0x0000000008003d7c                HAL_MspInit
 .text.HAL_InitTick
                0x0000000008003dc0       0x98 ./build/Debug/Core/Src/stm32f4xx_hal_timebase_tim.o
                0x0000000008003dc0                HAL_InitTick
 .text.NMI_Handler
                0x0000000008003e58        0x2 ./build/Debug/Core/Src/stm32f4xx_it.o
                0x0000000008003e58                NMI_Handler
 .text.HardFault_Handler
                0x0000000008003e5a        0x2 ./build/Debug/Core/Src/stm32f4xx_it.o
                0x0000000008003e5a                HardFault_Handler
 .text.MemManage_Handler
                0x0000000008003e5c        0x2 ./build/Debug/Core/Src/stm32f4xx_it.o
                0x0000000008003e5c                MemManage_Handler
 .text.BusFault_Handler
                0x0000000008003e5e        0x2 ./build/Debug/Core/Src/stm32f4xx_it.o
                0x0000000008003e5e                BusFault_Handler
 .text.UsageFault_Handler
                0x0000000008003e60        0x2 ./build/Debug/Core/Src/stm32f4xx_it.o
                0x0000000008003e60                UsageFault_Handler
 .text.DebugMon_Handler
                0x0000000008003e62        0x2 ./build/Debug/Core/Src/stm32f4xx_it.o
                0x0000000008003e62                DebugMon_Handler
 .text.CAN1_RX0_IRQHandler
                0x0000000008003e64       0x10 ./build/Debug/Core/Src/stm32f4xx_it.o
                0x0000000008003e64                CAN1_RX0_IRQHandler
 .text.TIM1_UP_TIM10_IRQHandler
                0x0000000008003e74       0x10 ./build/Debug/Core/Src/stm32f4xx_it.o
                0x0000000008003e74                TIM1_UP_TIM10_IRQHandler
 .text.USART3_IRQHandler
                0x0000000008003e84       0x10 ./build/Debug/Core/Src/stm32f4xx_it.o
                0x0000000008003e84                USART3_IRQHandler
 .text.EXTI15_10_IRQHandler
                0x0000000008003e94       0x24 ./build/Debug/Core/Src/stm32f4xx_it.o
                0x0000000008003e94                EXTI15_10_IRQHandler
 .text.DMA2_Stream1_IRQHandler
                0x0000000008003eb8       0x10 ./build/Debug/Core/Src/stm32f4xx_it.o
                0x0000000008003eb8                DMA2_Stream1_IRQHandler
 .text.DMA2_Stream6_IRQHandler
                0x0000000008003ec8       0x10 ./build/Debug/Core/Src/stm32f4xx_it.o
                0x0000000008003ec8                DMA2_Stream6_IRQHandler
 .text.USART6_IRQHandler
                0x0000000008003ed8       0x10 ./build/Debug/Core/Src/stm32f4xx_it.o
                0x0000000008003ed8                USART6_IRQHandler
 .text.UART8_IRQHandler
                0x0000000008003ee8       0x10 ./build/Debug/Core/Src/stm32f4xx_it.o
                0x0000000008003ee8                UART8_IRQHandler
 .text._sbrk    0x0000000008003ef8       0x48 ./build/Debug/Core/Src/sysmem.o
                0x0000000008003ef8                _sbrk
 .text.SystemInit
                0x0000000008003f40       0x14 ./build/Debug/Core/Src/system_stm32f4xx.o
                0x0000000008003f40                SystemInit
 .text.HAL_TIM_Base_MspInit
                0x0000000008003f54       0x2c ./build/Debug/Core/Src/tim.o
                0x0000000008003f54                HAL_TIM_Base_MspInit
 .text.HAL_TIM_MspPostInit
                0x0000000008003f80       0x80 ./build/Debug/Core/Src/tim.o
                0x0000000008003f80                HAL_TIM_MspPostInit
 .text.MX_TIM2_Init
                0x0000000008004000       0xec ./build/Debug/Core/Src/tim.o
                0x0000000008004000                MX_TIM2_Init
 .text.MX_UART7_Init
                0x00000000080040ec       0x34 ./build/Debug/Core/Src/usart.o
                0x00000000080040ec                MX_UART7_Init
 .text.MX_UART8_Init
                0x0000000008004120       0x34 ./build/Debug/Core/Src/usart.o
                0x0000000008004120                MX_UART8_Init
 .text.MX_USART3_UART_Init
                0x0000000008004154       0x34 ./build/Debug/Core/Src/usart.o
                0x0000000008004154                MX_USART3_UART_Init
 .text.MX_USART6_UART_Init
                0x0000000008004188       0x38 ./build/Debug/Core/Src/usart.o
                0x0000000008004188                MX_USART6_UART_Init
 .text.HAL_UART_MspInit
                0x00000000080041c0      0x224 ./build/Debug/Core/Src/usart.o
                0x00000000080041c0                HAL_UART_MspInit
 .text.Reset_Handler
                0x00000000080043e4       0x50 ./build/Debug/Core/Startup/startup_stm32f427iihx.o
                0x00000000080043e4                Reset_Handler
 .text.Default_Handler
                0x0000000008004434        0x2 ./build/Debug/Core/Startup/startup_stm32f427iihx.o
                0x0000000008004434                RTC_Alarm_IRQHandler
                0x0000000008004434                HASH_RNG_IRQHandler
                0x0000000008004434                EXTI2_IRQHandler
                0x0000000008004434                TIM8_CC_IRQHandler
                0x0000000008004434                SPI4_IRQHandler
                0x0000000008004434                TIM1_CC_IRQHandler
                0x0000000008004434                DMA2_Stream5_IRQHandler
                0x0000000008004434                DMA1_Stream5_IRQHandler
                0x0000000008004434                PVD_IRQHandler
                0x0000000008004434                SDIO_IRQHandler
                0x0000000008004434                TAMP_STAMP_IRQHandler
                0x0000000008004434                CAN2_RX1_IRQHandler
                0x0000000008004434                EXTI3_IRQHandler
                0x0000000008004434                TIM8_TRG_COM_TIM14_IRQHandler
                0x0000000008004434                TIM8_UP_TIM13_IRQHandler
                0x0000000008004434                I2C3_ER_IRQHandler
                0x0000000008004434                EXTI0_IRQHandler
                0x0000000008004434                I2C2_EV_IRQHandler
                0x0000000008004434                DMA1_Stream2_IRQHandler
                0x0000000008004434                FPU_IRQHandler
                0x0000000008004434                OTG_HS_WKUP_IRQHandler
                0x0000000008004434                CAN2_SCE_IRQHandler
                0x0000000008004434                DMA2_Stream2_IRQHandler
                0x0000000008004434                SPI1_IRQHandler
                0x0000000008004434                TIM6_DAC_IRQHandler
                0x0000000008004434                TIM1_BRK_TIM9_IRQHandler
                0x0000000008004434                DCMI_IRQHandler
                0x0000000008004434                CAN2_RX0_IRQHandler
                0x0000000008004434                DMA2_Stream3_IRQHandler
                0x0000000008004434                CAN1_RX1_IRQHandler
                0x0000000008004434                UART5_IRQHandler
                0x0000000008004434                DMA2_Stream0_IRQHandler
                0x0000000008004434                TIM4_IRQHandler
                0x0000000008004434                I2C1_EV_IRQHandler
                0x0000000008004434                DMA1_Stream6_IRQHandler
                0x0000000008004434                DMA1_Stream1_IRQHandler
                0x0000000008004434                UART4_IRQHandler
                0x0000000008004434                TIM3_IRQHandler
                0x0000000008004434                RCC_IRQHandler
                0x0000000008004434                TIM8_BRK_TIM12_IRQHandler
                0x0000000008004434                Default_Handler
                0x0000000008004434                ADC_IRQHandler
                0x0000000008004434                DMA1_Stream7_IRQHandler
                0x0000000008004434                SPI5_IRQHandler
                0x0000000008004434                TIM7_IRQHandler
                0x0000000008004434                CAN2_TX_IRQHandler
                0x0000000008004434                TIM5_IRQHandler
                0x0000000008004434                DMA2_Stream7_IRQHandler
                0x0000000008004434                I2C3_EV_IRQHandler
                0x0000000008004434                EXTI9_5_IRQHandler
                0x0000000008004434                RTC_WKUP_IRQHandler
                0x0000000008004434                ETH_WKUP_IRQHandler
                0x0000000008004434                SPI2_IRQHandler
                0x0000000008004434                OTG_HS_EP1_IN_IRQHandler
                0x0000000008004434                DMA1_Stream0_IRQHandler
                0x0000000008004434                CAN1_TX_IRQHandler
                0x0000000008004434                EXTI4_IRQHandler
                0x0000000008004434                ETH_IRQHandler
                0x0000000008004434                OTG_HS_EP1_OUT_IRQHandler
                0x0000000008004434                WWDG_IRQHandler
                0x0000000008004434                SPI6_IRQHandler
                0x0000000008004434                TIM2_IRQHandler
                0x0000000008004434                OTG_FS_WKUP_IRQHandler
                0x0000000008004434                TIM1_TRG_COM_TIM11_IRQHandler
                0x0000000008004434                OTG_HS_IRQHandler
                0x0000000008004434                DMA2D_IRQHandler
                0x0000000008004434                EXTI1_IRQHandler
                0x0000000008004434                UART7_IRQHandler
                0x0000000008004434                USART2_IRQHandler
                0x0000000008004434                I2C2_ER_IRQHandler
                0x0000000008004434                CAN1_SCE_IRQHandler
                0x0000000008004434                FLASH_IRQHandler
                0x0000000008004434                DMA2_Stream4_IRQHandler
                0x0000000008004434                USART1_IRQHandler
                0x0000000008004434                OTG_FS_IRQHandler
                0x0000000008004434                SPI3_IRQHandler
                0x0000000008004434                DMA1_Stream4_IRQHandler
                0x0000000008004434                I2C1_ER_IRQHandler
                0x0000000008004434                FMC_IRQHandler
                0x0000000008004434                SAI1_IRQHandler
                0x0000000008004434                DMA1_Stream3_IRQHandler
 *fill*         0x0000000008004436        0x2 
 .text.HAL_Init
                0x0000000008004438       0x34 ./build/Debug/Drivers/STM32F4xx_HAL_Driver/Src/stm32f4xx_hal.o
                0x0000000008004438                HAL_Init
 .text.HAL_IncTick
                0x000000000800446c       0x18 ./build/Debug/Drivers/STM32F4xx_HAL_Driver/Src/stm32f4xx_hal.o
                0x000000000800446c                HAL_IncTick
 .text.HAL_GetTick
                0x0000000008004484        0xc ./build/Debug/Drivers/STM32F4xx_HAL_Driver/Src/stm32f4xx_hal.o
                0x0000000008004484                HAL_GetTick
 .text.HAL_CAN_Init
                0x0000000008004490      0x14c ./build/Debug/Drivers/STM32F4xx_HAL_Driver/Src/stm32f4xx_hal_can.o
                0x0000000008004490                HAL_CAN_Init
 .text.HAL_CAN_ConfigFilter
                0x00000000080045dc      0x138 ./build/Debug/Drivers/STM32F4xx_HAL_Driver/Src/stm32f4xx_hal_can.o
                0x00000000080045dc                HAL_CAN_ConfigFilter
 .text.HAL_CAN_Start
                0x0000000008004714       0x5c ./build/Debug/Drivers/STM32F4xx_HAL_Driver/Src/stm32f4xx_hal_can.o
                0x0000000008004714                HAL_CAN_Start
 .text.HAL_CAN_AddTxMessage
                0x0000000008004770       0xfc ./build/Debug/Drivers/STM32F4xx_HAL_Driver/Src/stm32f4xx_hal_can.o
                0x0000000008004770                HAL_CAN_AddTxMessage
 .text.HAL_CAN_GetTxMailboxesFreeLevel
                0x000000000800486c       0x32 ./build/Debug/Drivers/STM32F4xx_HAL_Driver/Src/stm32f4xx_hal_can.o
                0x000000000800486c                HAL_CAN_GetTxMailboxesFreeLevel
 .text.HAL_CAN_GetRxMessage
                0x000000000800489e      0x14a ./build/Debug/Drivers/STM32F4xx_HAL_Driver/Src/stm32f4xx_hal_can.o
                0x000000000800489e                HAL_CAN_GetRxMessage
 .text.HAL_CAN_ActivateNotification
                0x00000000080049e8       0x24 ./build/Debug/Drivers/STM32F4xx_HAL_Driver/Src/stm32f4xx_hal_can.o
                0x00000000080049e8                HAL_CAN_ActivateNotification
 .text.HAL_CAN_TxMailbox0CompleteCallback
                0x0000000008004a0c        0x2 ./build/Debug/Drivers/STM32F4xx_HAL_Driver/Src/stm32f4xx_hal_can.o
                0x0000000008004a0c                HAL_CAN_TxMailbox0CompleteCallback
 .text.HAL_CAN_TxMailbox1CompleteCallback
                0x0000000008004a0e        0x2 ./build/Debug/Drivers/STM32F4xx_HAL_Driver/Src/stm32f4xx_hal_can.o
                0x0000000008004a0e                HAL_CAN_TxMailbox1CompleteCallback
 .text.HAL_CAN_TxMailbox2CompleteCallback
                0x0000000008004a10        0x2 ./build/Debug/Drivers/STM32F4xx_HAL_Driver/Src/stm32f4xx_hal_can.o
                0x0000000008004a10                HAL_CAN_TxMailbox2CompleteCallback
 .text.HAL_CAN_TxMailbox0AbortCallback
                0x0000000008004a12        0x2 ./build/Debug/Drivers/STM32F4xx_HAL_Driver/Src/stm32f4xx_hal_can.o
                0x0000000008004a12                HAL_CAN_TxMailbox0AbortCallback
 .text.HAL_CAN_TxMailbox1AbortCallback
                0x0000000008004a14        0x2 ./build/Debug/Drivers/STM32F4xx_HAL_Driver/Src/stm32f4xx_hal_can.o
                0x0000000008004a14                HAL_CAN_TxMailbox1AbortCallback
 .text.HAL_CAN_TxMailbox2AbortCallback
                0x0000000008004a16        0x2 ./build/Debug/Drivers/STM32F4xx_HAL_Driver/Src/stm32f4xx_hal_can.o
                0x0000000008004a16                HAL_CAN_TxMailbox2AbortCallback
 .text.HAL_CAN_RxFifo0FullCallback
                0x0000000008004a18        0x2 ./build/Debug/Drivers/STM32F4xx_HAL_Driver/Src/stm32f4xx_hal_can.o
                0x0000000008004a18                HAL_CAN_RxFifo0FullCallback
 .text.HAL_CAN_RxFifo1MsgPendingCallback
                0x0000000008004a1a        0x2 ./build/Debug/Drivers/STM32F4xx_HAL_Driver/Src/stm32f4xx_hal_can.o
                0x0000000008004a1a                HAL_CAN_RxFifo1MsgPendingCallback
 .text.HAL_CAN_RxFifo1FullCallback
                0x0000000008004a1c        0x2 ./build/Debug/Drivers/STM32F4xx_HAL_Driver/Src/stm32f4xx_hal_can.o
                0x0000000008004a1c                HAL_CAN_RxFifo1FullCallback
 .text.HAL_CAN_SleepCallback
                0x0000000008004a1e        0x2 ./build/Debug/Drivers/STM32F4xx_HAL_Driver/Src/stm32f4xx_hal_can.o
                0x0000000008004a1e                HAL_CAN_SleepCallback
 .text.HAL_CAN_WakeUpFromRxMsgCallback
                0x0000000008004a20        0x2 ./build/Debug/Drivers/STM32F4xx_HAL_Driver/Src/stm32f4xx_hal_can.o
                0x0000000008004a20                HAL_CAN_WakeUpFromRxMsgCallback
 .text.HAL_CAN_ErrorCallback
                0x0000000008004a22        0x2 ./build/Debug/Drivers/STM32F4xx_HAL_Driver/Src/stm32f4xx_hal_can.o
                0x0000000008004a22                HAL_CAN_ErrorCallback
 .text.HAL_CAN_IRQHandler
                0x0000000008004a24      0x24a ./build/Debug/Drivers/STM32F4xx_HAL_Driver/Src/stm32f4xx_hal_can.o
                0x0000000008004a24                HAL_CAN_IRQHandler
 *fill*         0x0000000008004c6e        0x2 
 .text.HAL_NVIC_SetPriorityGrouping
                0x0000000008004c70       0x24 ./build/Debug/Drivers/STM32F4xx_HAL_Driver/Src/stm32f4xx_hal_cortex.o
                0x0000000008004c70                HAL_NVIC_SetPriorityGrouping
 .text.HAL_NVIC_SetPriority
                0x0000000008004c94       0x70 ./build/Debug/Drivers/STM32F4xx_HAL_Driver/Src/stm32f4xx_hal_cortex.o
                0x0000000008004c94                HAL_NVIC_SetPriority
 .text.HAL_NVIC_EnableIRQ
                0x0000000008004d04       0x1c ./build/Debug/Drivers/STM32F4xx_HAL_Driver/Src/stm32f4xx_hal_cortex.o
                0x0000000008004d04                HAL_NVIC_EnableIRQ
 .text.DMA_CalcBaseAndBitshift
                0x0000000008004d20       0x44 ./build/Debug/Drivers/STM32F4xx_HAL_Driver/Src/stm32f4xx_hal_dma.o
 .text.DMA_CheckFifoParam
                0x0000000008004d64       0x8e ./build/Debug/Drivers/STM32F4xx_HAL_Driver/Src/stm32f4xx_hal_dma.o
 *fill*         0x0000000008004df2        0x2 
 .text.HAL_DMA_Init
                0x0000000008004df4       0xcc ./build/Debug/Drivers/STM32F4xx_HAL_Driver/Src/stm32f4xx_hal_dma.o
                0x0000000008004df4                HAL_DMA_Init
 .text.HAL_DMA_Abort
                0x0000000008004ec0       0x94 ./build/Debug/Drivers/STM32F4xx_HAL_Driver/Src/stm32f4xx_hal_dma.o
                0x0000000008004ec0                HAL_DMA_Abort
 .text.HAL_DMA_Abort_IT
                0x0000000008004f54       0x26 ./build/Debug/Drivers/STM32F4xx_HAL_Driver/Src/stm32f4xx_hal_dma.o
                0x0000000008004f54                HAL_DMA_Abort_IT
 *fill*         0x0000000008004f7a        0x2 
 .text.HAL_DMA_IRQHandler
                0x0000000008004f7c      0x1dc ./build/Debug/Drivers/STM32F4xx_HAL_Driver/Src/stm32f4xx_hal_dma.o
                0x0000000008004f7c                HAL_DMA_IRQHandler
 .text.HAL_GPIO_Init
                0x0000000008005158      0x1fc ./build/Debug/Drivers/STM32F4xx_HAL_Driver/Src/stm32f4xx_hal_gpio.o
                0x0000000008005158                HAL_GPIO_Init
 .text.HAL_GPIO_WritePin
                0x0000000008005354        0xc ./build/Debug/Drivers/STM32F4xx_HAL_Driver/Src/stm32f4xx_hal_gpio.o
                0x0000000008005354                HAL_GPIO_WritePin
 .text.HAL_GPIO_TogglePin
                0x0000000008005360       0x12 ./build/Debug/Drivers/STM32F4xx_HAL_Driver/Src/stm32f4xx_hal_gpio.o
                0x0000000008005360                HAL_GPIO_TogglePin
 *fill*         0x0000000008005372        0x2 
 .text.HAL_GPIO_EXTI_IRQHandler
                0x0000000008005374       0x1c ./build/Debug/Drivers/STM32F4xx_HAL_Driver/Src/stm32f4xx_hal_gpio.o
                0x0000000008005374                HAL_GPIO_EXTI_IRQHandler
 .text.HAL_PWREx_EnableOverDrive
                0x0000000008005390       0x7c ./build/Debug/Drivers/STM32F4xx_HAL_Driver/Src/stm32f4xx_hal_pwr_ex.o
                0x0000000008005390                HAL_PWREx_EnableOverDrive
 .text.HAL_RCC_OscConfig
                0x000000000800540c      0x3f8 ./build/Debug/Drivers/STM32F4xx_HAL_Driver/Src/stm32f4xx_hal_rcc.o
                0x000000000800540c                HAL_RCC_OscConfig
 .text.HAL_RCC_GetSysClockFreq
                0x0000000008005804       0xa4 ./build/Debug/Drivers/STM32F4xx_HAL_Driver/Src/stm32f4xx_hal_rcc.o
                0x0000000008005804                HAL_RCC_GetSysClockFreq
 .text.HAL_RCC_ClockConfig
                0x00000000080058a8      0x160 ./build/Debug/Drivers/STM32F4xx_HAL_Driver/Src/stm32f4xx_hal_rcc.o
                0x00000000080058a8                HAL_RCC_ClockConfig
 .text.HAL_RCC_GetHCLKFreq
                0x0000000008005a08        0xc ./build/Debug/Drivers/STM32F4xx_HAL_Driver/Src/stm32f4xx_hal_rcc.o
                0x0000000008005a08                HAL_RCC_GetHCLKFreq
 .text.HAL_RCC_GetPCLK1Freq
                0x0000000008005a14       0x20 ./build/Debug/Drivers/STM32F4xx_HAL_Driver/Src/stm32f4xx_hal_rcc.o
                0x0000000008005a14                HAL_RCC_GetPCLK1Freq
 .text.HAL_RCC_GetPCLK2Freq
                0x0000000008005a34       0x20 ./build/Debug/Drivers/STM32F4xx_HAL_Driver/Src/stm32f4xx_hal_rcc.o
                0x0000000008005a34                HAL_RCC_GetPCLK2Freq
 .text.HAL_RCC_GetClockConfig
                0x0000000008005a54       0x3c ./build/Debug/Drivers/STM32F4xx_HAL_Driver/Src/stm32f4xx_hal_rcc.o
                0x0000000008005a54                HAL_RCC_GetClockConfig
 .text.TIM_OC1_SetConfig
                0x0000000008005a90       0x68 ./build/Debug/Drivers/STM32F4xx_HAL_Driver/Src/stm32f4xx_hal_tim.o
 .text.TIM_OC3_SetConfig
                0x0000000008005af8       0x70 ./build/Debug/Drivers/STM32F4xx_HAL_Driver/Src/stm32f4xx_hal_tim.o
 .text.TIM_OC4_SetConfig
                0x0000000008005b68       0x50 ./build/Debug/Drivers/STM32F4xx_HAL_Driver/Src/stm32f4xx_hal_tim.o
 .text.TIM_TI1_ConfigInputStage
                0x0000000008005bb8       0x26 ./build/Debug/Drivers/STM32F4xx_HAL_Driver/Src/stm32f4xx_hal_tim.o
 .text.TIM_TI2_ConfigInputStage
                0x0000000008005bde       0x28 ./build/Debug/Drivers/STM32F4xx_HAL_Driver/Src/stm32f4xx_hal_tim.o
 .text.TIM_ITRx_SetConfig
                0x0000000008005c06       0x10 ./build/Debug/Drivers/STM32F4xx_HAL_Driver/Src/stm32f4xx_hal_tim.o
 *fill*         0x0000000008005c16        0x2 
 .text.HAL_TIM_Base_Start_IT
                0x0000000008005c18       0x88 ./build/Debug/Drivers/STM32F4xx_HAL_Driver/Src/stm32f4xx_hal_tim.o
                0x0000000008005c18                HAL_TIM_Base_Start_IT
 .text.HAL_TIM_PWM_MspInit
                0x0000000008005ca0        0x2 ./build/Debug/Drivers/STM32F4xx_HAL_Driver/Src/stm32f4xx_hal_tim.o
                0x0000000008005ca0                HAL_TIM_PWM_MspInit
 .text.HAL_TIM_OC_DelayElapsedCallback
                0x0000000008005ca2        0x2 ./build/Debug/Drivers/STM32F4xx_HAL_Driver/Src/stm32f4xx_hal_tim.o
                0x0000000008005ca2                HAL_TIM_OC_DelayElapsedCallback
 .text.HAL_TIM_IC_CaptureCallback
                0x0000000008005ca4        0x2 ./build/Debug/Drivers/STM32F4xx_HAL_Driver/Src/stm32f4xx_hal_tim.o
                0x0000000008005ca4                HAL_TIM_IC_CaptureCallback
 .text.HAL_TIM_PWM_PulseFinishedCallback
                0x0000000008005ca6        0x2 ./build/Debug/Drivers/STM32F4xx_HAL_Driver/Src/stm32f4xx_hal_tim.o
                0x0000000008005ca6                HAL_TIM_PWM_PulseFinishedCallback
 .text.HAL_TIM_TriggerCallback
                0x0000000008005ca8        0x2 ./build/Debug/Drivers/STM32F4xx_HAL_Driver/Src/stm32f4xx_hal_tim.o
                0x0000000008005ca8                HAL_TIM_TriggerCallback
 .text.HAL_TIM_IRQHandler
                0x0000000008005caa      0x17a ./build/Debug/Drivers/STM32F4xx_HAL_Driver/Src/stm32f4xx_hal_tim.o
                0x0000000008005caa                HAL_TIM_IRQHandler
 .text.TIM_Base_SetConfig
                0x0000000008005e24       0xc8 ./build/Debug/Drivers/STM32F4xx_HAL_Driver/Src/stm32f4xx_hal_tim.o
                0x0000000008005e24                TIM_Base_SetConfig
 .text.HAL_TIM_Base_Init
                0x0000000008005eec       0x58 ./build/Debug/Drivers/STM32F4xx_HAL_Driver/Src/stm32f4xx_hal_tim.o
                0x0000000008005eec                HAL_TIM_Base_Init
 .text.HAL_TIM_PWM_Init
                0x0000000008005f44       0x58 ./build/Debug/Drivers/STM32F4xx_HAL_Driver/Src/stm32f4xx_hal_tim.o
                0x0000000008005f44                HAL_TIM_PWM_Init
 .text.TIM_OC2_SetConfig
                0x0000000008005f9c       0x70 ./build/Debug/Drivers/STM32F4xx_HAL_Driver/Src/stm32f4xx_hal_tim.o
                0x0000000008005f9c                TIM_OC2_SetConfig
 .text.HAL_TIM_PWM_ConfigChannel
                0x000000000800600c       0xdc ./build/Debug/Drivers/STM32F4xx_HAL_Driver/Src/stm32f4xx_hal_tim.o
                0x000000000800600c                HAL_TIM_PWM_ConfigChannel
 .text.TIM_ETR_SetConfig
                0x00000000080060e8       0x1a ./build/Debug/Drivers/STM32F4xx_HAL_Driver/Src/stm32f4xx_hal_tim.o
                0x00000000080060e8                TIM_ETR_SetConfig
 .text.HAL_TIM_ConfigClockSource
                0x0000000008006102       0xfe ./build/Debug/Drivers/STM32F4xx_HAL_Driver/Src/stm32f4xx_hal_tim.o
                0x0000000008006102                HAL_TIM_ConfigClockSource
 .text.HAL_TIMEx_MasterConfigSynchronization
                0x0000000008006200       0x8c ./build/Debug/Drivers/STM32F4xx_HAL_Driver/Src/stm32f4xx_hal_tim_ex.o
                0x0000000008006200                HAL_TIMEx_MasterConfigSynchronization
 .text.HAL_TIMEx_CommutCallback
                0x000000000800628c        0x2 ./build/Debug/Drivers/STM32F4xx_HAL_Driver/Src/stm32f4xx_hal_tim_ex.o
                0x000000000800628c                HAL_TIMEx_CommutCallback
 .text.HAL_TIMEx_BreakCallback
                0x000000000800628e        0x2 ./build/Debug/Drivers/STM32F4xx_HAL_Driver/Src/stm32f4xx_hal_tim_ex.o
                0x000000000800628e                HAL_TIMEx_BreakCallback
 .text.UART_EndRxTransfer
                0x0000000008006290       0x5c ./build/Debug/Drivers/STM32F4xx_HAL_Driver/Src/stm32f4xx_hal_uart.o
 .text.UART_Transmit_IT
                0x00000000080062ec       0x60 ./build/Debug/Drivers/STM32F4xx_HAL_Driver/Src/stm32f4xx_hal_uart.o
 .text.UART_SetConfig
                0x000000000800634c      0x110 ./build/Debug/Drivers/STM32F4xx_HAL_Driver/Src/stm32f4xx_hal_uart.o
 .text.UART_WaitOnFlagUntilTimeout
                0x000000000800645c       0x88 ./build/Debug/Drivers/STM32F4xx_HAL_Driver/Src/stm32f4xx_hal_uart.o
 .text.HAL_UART_Init
                0x00000000080064e4       0x5e ./build/Debug/Drivers/STM32F4xx_HAL_Driver/Src/stm32f4xx_hal_uart.o
                0x00000000080064e4                HAL_UART_Init
 .text.HAL_UART_Transmit
                0x0000000008006542       0xd8 ./build/Debug/Drivers/STM32F4xx_HAL_Driver/Src/stm32f4xx_hal_uart.o
                0x0000000008006542                HAL_UART_Transmit
 .text.HAL_UART_Receive
                0x000000000800661a       0xe4 ./build/Debug/Drivers/STM32F4xx_HAL_Driver/Src/stm32f4xx_hal_uart.o
                0x000000000800661a                HAL_UART_Receive
 .text.HAL_UART_TxCpltCallback
                0x00000000080066fe        0x2 ./build/Debug/Drivers/STM32F4xx_HAL_Driver/Src/stm32f4xx_hal_uart.o
                0x00000000080066fe                HAL_UART_TxCpltCallback
 .text.UART_EndTransmit_IT
                0x0000000008006700       0x1a ./build/Debug/Drivers/STM32F4xx_HAL_Driver/Src/stm32f4xx_hal_uart.o
 .text.HAL_UART_ErrorCallback
                0x000000000800671a        0x2 ./build/Debug/Drivers/STM32F4xx_HAL_Driver/Src/stm32f4xx_hal_uart.o
                0x000000000800671a                HAL_UART_ErrorCallback
 .text.UART_DMAAbortOnError
                0x000000000800671c       0x10 ./build/Debug/Drivers/STM32F4xx_HAL_Driver/Src/stm32f4xx_hal_uart.o
 .text.HAL_UARTEx_RxEventCallback
                0x000000000800672c        0x2 ./build/Debug/Drivers/STM32F4xx_HAL_Driver/Src/stm32f4xx_hal_uart.o
                0x000000000800672c                HAL_UARTEx_RxEventCallback
 .text.UART_Receive_IT
                0x000000000800672e       0xe2 ./build/Debug/Drivers/STM32F4xx_HAL_Driver/Src/stm32f4xx_hal_uart.o
 .text.HAL_UART_IRQHandler
                0x0000000008006810      0x280 ./build/Debug/Drivers/STM32F4xx_HAL_Driver/Src/stm32f4xx_hal_uart.o
                0x0000000008006810                HAL_UART_IRQHandler
 .text.UART_Start_Receive_IT
                0x0000000008006a90       0x3a ./build/Debug/Drivers/STM32F4xx_HAL_Driver/Src/stm32f4xx_hal_uart.o
                0x0000000008006a90                UART_Start_Receive_IT
 .text.HAL_UART_Receive_IT
                0x0000000008006aca       0x38 ./build/Debug/Drivers/STM32F4xx_HAL_Driver/Src/stm32f4xx_hal_uart.o
                0x0000000008006aca                HAL_UART_Receive_IT
 .text.SysTick_Handler
                0x0000000008006b02       0x18 ./build/Debug/Middlewares/Third_Party/FreeRTOS/Source/CMSIS_RTOS_V2/cmsis_os2.o
                0x0000000008006b02                SysTick_Handler
 *fill*         0x0000000008006b1a        0x2 
 .text.osKernelInitialize
                0x0000000008006b1c       0x24 ./build/Debug/Middlewares/Third_Party/FreeRTOS/Source/CMSIS_RTOS_V2/cmsis_os2.o
                0x0000000008006b1c                osKernelInitialize
 .text.osKernelStart
                0x0000000008006b40       0x38 ./build/Debug/Middlewares/Third_Party/FreeRTOS/Source/CMSIS_RTOS_V2/cmsis_os2.o
                0x0000000008006b40                osKernelStart
 .text.osThreadNew
                0x0000000008006b78       0xbc ./build/Debug/Middlewares/Third_Party/FreeRTOS/Source/CMSIS_RTOS_V2/cmsis_os2.o
                0x0000000008006b78                osThreadNew
 .text.osDelay  0x0000000008006c34       0x1c ./build/Debug/Middlewares/Third_Party/FreeRTOS/Source/CMSIS_RTOS_V2/cmsis_os2.o
                0x0000000008006c34                osDelay
 .text.vApplicationGetIdleTaskMemory
                0x0000000008006c50       0x18 ./build/Debug/Middlewares/Third_Party/FreeRTOS/Source/CMSIS_RTOS_V2/cmsis_os2.o
                0x0000000008006c50                vApplicationGetIdleTaskMemory
 .text.vApplicationGetTimerTaskMemory
                0x0000000008006c68       0x18 ./build/Debug/Middlewares/Third_Party/FreeRTOS/Source/CMSIS_RTOS_V2/cmsis_os2.o
                0x0000000008006c68                vApplicationGetTimerTaskMemory
 .text.vListInitialise
                0x0000000008006c80       0x16 ./build/Debug/Middlewares/Third_Party/FreeRTOS/Source/list.o
                0x0000000008006c80                vListInitialise
 .text.vListInitialiseItem
                0x0000000008006c96        0x6 ./build/Debug/Middlewares/Third_Party/FreeRTOS/Source/list.o
                0x0000000008006c96                vListInitialiseItem
 .text.vListInsertEnd
                0x0000000008006c9c       0x16 ./build/Debug/Middlewares/Third_Party/FreeRTOS/Source/list.o
                0x0000000008006c9c                vListInsertEnd
 .text.vListInsert
                0x0000000008006cb2       0x32 ./build/Debug/Middlewares/Third_Party/FreeRTOS/Source/list.o
                0x0000000008006cb2                vListInsert
 .text.uxListRemove
                0x0000000008006ce4       0x26 ./build/Debug/Middlewares/Third_Party/FreeRTOS/Source/list.o
                0x0000000008006ce4                uxListRemove
 *fill*         0x0000000008006d0a        0x2 
 .text.prvTaskExitError
                0x0000000008006d0c       0x40 ./build/Debug/Middlewares/Third_Party/FreeRTOS/Source/portable/GCC/ARM_CM4F/port.o
 .text.prvPortStartFirstTask
                0x0000000008006d4c       0x28 ./build/Debug/Middlewares/Third_Party/FreeRTOS/Source/portable/GCC/ARM_CM4F/port.o
 .text.vPortEnableVFP
                0x0000000008006d74       0x14 ./build/Debug/Middlewares/Third_Party/FreeRTOS/Source/portable/GCC/ARM_CM4F/port.o
 .text.pxPortInitialiseStack
                0x0000000008006d88       0x2c ./build/Debug/Middlewares/Third_Party/FreeRTOS/Source/portable/GCC/ARM_CM4F/port.o
                0x0000000008006d88                pxPortInitialiseStack
 *fill*         0x0000000008006db4        0xc 
 .text.SVC_Handler
                0x0000000008006dc0       0x24 ./build/Debug/Middlewares/Third_Party/FreeRTOS/Source/portable/GCC/ARM_CM4F/port.o
                0x0000000008006dc0                SVC_Handler
 .text.vPortEnterCritical
                0x0000000008006de4       0x44 ./build/Debug/Middlewares/Third_Party/FreeRTOS/Source/portable/GCC/ARM_CM4F/port.o
                0x0000000008006de4                vPortEnterCritical
 .text.vPortExitCritical
                0x0000000008006e28       0x2c ./build/Debug/Middlewares/Third_Party/FreeRTOS/Source/portable/GCC/ARM_CM4F/port.o
                0x0000000008006e28                vPortExitCritical
 *fill*         0x0000000008006e54        0xc 
 .text.PendSV_Handler
                0x0000000008006e60       0x64 ./build/Debug/Middlewares/Third_Party/FreeRTOS/Source/portable/GCC/ARM_CM4F/port.o
                0x0000000008006e60                PendSV_Handler
 .text.xPortSysTickHandler
                0x0000000008006ec4       0x2c ./build/Debug/Middlewares/Third_Party/FreeRTOS/Source/portable/GCC/ARM_CM4F/port.o
                0x0000000008006ec4                xPortSysTickHandler
 .text.vPortSetupTimerInterrupt
                0x0000000008006ef0       0x28 ./build/Debug/Middlewares/Third_Party/FreeRTOS/Source/portable/GCC/ARM_CM4F/port.o
                0x0000000008006ef0                vPortSetupTimerInterrupt
 .text.xPortStartScheduler
                0x0000000008006f18      0x118 ./build/Debug/Middlewares/Third_Party/FreeRTOS/Source/portable/GCC/ARM_CM4F/port.o
                0x0000000008006f18                xPortStartScheduler
 .text.vPortValidateInterruptPriority
                0x0000000008007030       0x5c ./build/Debug/Middlewares/Third_Party/FreeRTOS/Source/portable/GCC/ARM_CM4F/port.o
                0x0000000008007030                vPortValidateInterruptPriority
 .text.prvHeapInit
                0x000000000800708c       0x64 ./build/Debug/Middlewares/Third_Party/FreeRTOS/Source/portable/MemMang/heap_4.o
 .text.prvInsertBlockIntoFreeList
                0x00000000080070f0       0x64 ./build/Debug/Middlewares/Third_Party/FreeRTOS/Source/portable/MemMang/heap_4.o
 .text.pvPortMalloc
                0x0000000008007154       0xfc ./build/Debug/Middlewares/Third_Party/FreeRTOS/Source/portable/MemMang/heap_4.o
                0x0000000008007154                pvPortMalloc
 .text.vPortFree
                0x0000000008007250       0x7c ./build/Debug/Middlewares/Third_Party/FreeRTOS/Source/portable/MemMang/heap_4.o
                0x0000000008007250                vPortFree
 .text.prvIsQueueFull
                0x00000000080072cc       0x1e ./build/Debug/Middlewares/Third_Party/FreeRTOS/Source/queue.o
 .text.prvIsQueueEmpty
                0x00000000080072ea       0x1a ./build/Debug/Middlewares/Third_Party/FreeRTOS/Source/queue.o
 .text.prvCopyDataToQueue
                0x0000000008007304       0x76 ./build/Debug/Middlewares/Third_Party/FreeRTOS/Source/queue.o
 .text.prvCopyDataFromQueue
                0x000000000800737a       0x24 ./build/Debug/Middlewares/Third_Party/FreeRTOS/Source/queue.o
 .text.prvUnlockQueue
                0x000000000800739e       0x6e ./build/Debug/Middlewares/Third_Party/FreeRTOS/Source/queue.o
 .text.xQueueGenericReset
                0x000000000800740c       0x84 ./build/Debug/Middlewares/Third_Party/FreeRTOS/Source/queue.o
                0x000000000800740c                xQueueGenericReset
 .text.prvInitialiseNewQueue
                0x0000000008007490       0x22 ./build/Debug/Middlewares/Third_Party/FreeRTOS/Source/queue.o
 .text.xQueueGenericCreateStatic
                0x00000000080074b2       0x94 ./build/Debug/Middlewares/Third_Party/FreeRTOS/Source/queue.o
                0x00000000080074b2                xQueueGenericCreateStatic
 .text.xQueueGenericSend
                0x0000000008007546      0x188 ./build/Debug/Middlewares/Third_Party/FreeRTOS/Source/queue.o
                0x0000000008007546                xQueueGenericSend
 .text.xQueueGenericSendFromISR
                0x00000000080076ce       0xce ./build/Debug/Middlewares/Third_Party/FreeRTOS/Source/queue.o
                0x00000000080076ce                xQueueGenericSendFromISR
 .text.xQueueReceive
                0x000000000800779c      0x15e ./build/Debug/Middlewares/Third_Party/FreeRTOS/Source/queue.o
                0x000000000800779c                xQueueReceive
 *fill*         0x00000000080078fa        0x2 
 .text.vQueueAddToRegistry
                0x00000000080078fc       0x28 ./build/Debug/Middlewares/Third_Party/FreeRTOS/Source/queue.o
                0x00000000080078fc                vQueueAddToRegistry
 .text.vQueueWaitForMessageRestricted
                0x0000000008007924       0x52 ./build/Debug/Middlewares/Third_Party/FreeRTOS/Source/queue.o
                0x0000000008007924                vQueueWaitForMessageRestricted
 *fill*         0x0000000008007976        0x2 
 .text.prvResetNextTaskUnblockTime
                0x0000000008007978       0x2c ./build/Debug/Middlewares/Third_Party/FreeRTOS/Source/tasks.o
 .text.prvInitialiseNewTask
                0x00000000080079a4       0xd0 ./build/Debug/Middlewares/Third_Party/FreeRTOS/Source/tasks.o
 .text.prvInitialiseTaskLists
                0x0000000008007a74       0x68 ./build/Debug/Middlewares/Third_Party/FreeRTOS/Source/tasks.o
 .text.prvAddNewTaskToReadyList
                0x0000000008007adc       0xac ./build/Debug/Middlewares/Third_Party/FreeRTOS/Source/tasks.o
 .text.prvDeleteTCB
                0x0000000008007b88       0x40 ./build/Debug/Middlewares/Third_Party/FreeRTOS/Source/tasks.o
 .text.prvCheckTasksWaitingTermination
                0x0000000008007bc8       0x4c ./build/Debug/Middlewares/Third_Party/FreeRTOS/Source/tasks.o
 .text.prvIdleTask
                0x0000000008007c14       0x28 ./build/Debug/Middlewares/Third_Party/FreeRTOS/Source/tasks.o
 .text.prvAddCurrentTaskToDelayedList
                0x0000000008007c3c       0x7c ./build/Debug/Middlewares/Third_Party/FreeRTOS/Source/tasks.o
 .text.xTaskCreateStatic
                0x0000000008007cb8       0x76 ./build/Debug/Middlewares/Third_Party/FreeRTOS/Source/tasks.o
                0x0000000008007cb8                xTaskCreateStatic
 .text.xTaskCreate
                0x0000000008007d2e       0x68 ./build/Debug/Middlewares/Third_Party/FreeRTOS/Source/tasks.o
                0x0000000008007d2e                xTaskCreate
 *fill*         0x0000000008007d96        0x2 
 .text.vTaskStartScheduler
                0x0000000008007d98       0xac ./build/Debug/Middlewares/Third_Party/FreeRTOS/Source/tasks.o
                0x0000000008007d98                vTaskStartScheduler
 .text.vTaskSuspendAll
                0x0000000008007e44       0x10 ./build/Debug/Middlewares/Third_Party/FreeRTOS/Source/tasks.o
                0x0000000008007e44                vTaskSuspendAll
 .text.xTaskGetTickCount
                0x0000000008007e54        0xc ./build/Debug/Middlewares/Third_Party/FreeRTOS/Source/tasks.o
                0x0000000008007e54                xTaskGetTickCount
 .text.xTaskIncrementTick
                0x0000000008007e60      0x118 ./build/Debug/Middlewares/Third_Party/FreeRTOS/Source/tasks.o
                0x0000000008007e60                xTaskIncrementTick
 .text.xTaskResumeAll
                0x0000000008007f78       0xf8 ./build/Debug/Middlewares/Third_Party/FreeRTOS/Source/tasks.o
                0x0000000008007f78                xTaskResumeAll
 .text.vTaskDelay
                0x0000000008008070       0x4c ./build/Debug/Middlewares/Third_Party/FreeRTOS/Source/tasks.o
                0x0000000008008070                vTaskDelay
 .text.vTaskSwitchContext
                0x00000000080080bc       0xa0 ./build/Debug/Middlewares/Third_Party/FreeRTOS/Source/tasks.o
                0x00000000080080bc                vTaskSwitchContext
 .text.vTaskPlaceOnEventList
                0x000000000800815c       0x30 ./build/Debug/Middlewares/Third_Party/FreeRTOS/Source/tasks.o
                0x000000000800815c                vTaskPlaceOnEventList
 .text.vTaskPlaceOnEventListRestricted
                0x000000000800818c       0x38 ./build/Debug/Middlewares/Third_Party/FreeRTOS/Source/tasks.o
                0x000000000800818c                vTaskPlaceOnEventListRestricted
 .text.xTaskRemoveFromEventList
                0x00000000080081c4       0x8c ./build/Debug/Middlewares/Third_Party/FreeRTOS/Source/tasks.o
                0x00000000080081c4                xTaskRemoveFromEventList
 .text.vTaskInternalSetTimeOutState
                0x0000000008008250       0x18 ./build/Debug/Middlewares/Third_Party/FreeRTOS/Source/tasks.o
                0x0000000008008250                vTaskInternalSetTimeOutState
 .text.xTaskCheckForTimeOut
                0x0000000008008268       0x84 ./build/Debug/Middlewares/Third_Party/FreeRTOS/Source/tasks.o
                0x0000000008008268                xTaskCheckForTimeOut
 .text.vTaskMissedYield
                0x00000000080082ec        0xc ./build/Debug/Middlewares/Third_Party/FreeRTOS/Source/tasks.o
                0x00000000080082ec                vTaskMissedYield
 .text.xTaskGetSchedulerState
                0x00000000080082f8       0x20 ./build/Debug/Middlewares/Third_Party/FreeRTOS/Source/tasks.o
                0x00000000080082f8                xTaskGetSchedulerState
 .text.xTaskPriorityDisinherit
                0x0000000008008318       0x90 ./build/Debug/Middlewares/Third_Party/FreeRTOS/Source/tasks.o
                0x0000000008008318                xTaskPriorityDisinherit
 .text.prvGetNextExpireTime
                0x00000000080083a8       0x20 ./build/Debug/Middlewares/Third_Party/FreeRTOS/Source/timers.o
 .text.prvInsertTimerInActiveList
                0x00000000080083c8       0x48 ./build/Debug/Middlewares/Third_Party/FreeRTOS/Source/timers.o
 .text.prvCheckForValidListAndQueue
                0x0000000008008410       0x70 ./build/Debug/Middlewares/Third_Party/FreeRTOS/Source/timers.o
 .text.xTimerCreateTimerTask
                0x0000000008008480       0x64 ./build/Debug/Middlewares/Third_Party/FreeRTOS/Source/timers.o
                0x0000000008008480                xTimerCreateTimerTask
 .text.xTimerGenericCommand
                0x00000000080084e4       0x6c ./build/Debug/Middlewares/Third_Party/FreeRTOS/Source/timers.o
                0x00000000080084e4                xTimerGenericCommand
 .text.prvSwitchTimerLists
                0x0000000008008550       0x7c ./build/Debug/Middlewares/Third_Party/FreeRTOS/Source/timers.o
 .text.prvSampleTimeNow
                0x00000000080085cc       0x2c ./build/Debug/Middlewares/Third_Party/FreeRTOS/Source/timers.o
 .text.prvProcessExpiredTimer
                0x00000000080085f8       0x6c ./build/Debug/Middlewares/Third_Party/FreeRTOS/Source/timers.o
 .text.prvProcessTimerOrBlockTask
                0x0000000008008664       0x74 ./build/Debug/Middlewares/Third_Party/FreeRTOS/Source/timers.o
 .text.prvProcessReceivedCommands
                0x00000000080086d8      0x10c ./build/Debug/Middlewares/Third_Party/FreeRTOS/Source/timers.o
 .text.prvTimerTask
                0x00000000080087e4       0x16 ./build/Debug/Middlewares/Third_Party/FreeRTOS/Source/timers.o
 .text.PID_Calc
                0x00000000080087fa       0x86 ./build/Debug/UC/Caculate.o
                0x00000000080087fa                PID_Calc
 .text.positionServo
                0x0000000008008880       0x26 ./build/Debug/UC/Caculate.o
                0x0000000008008880                positionServo
 .text.speedServo
                0x00000000080088a6       0x12 ./build/Debug/UC/Caculate.o
                0x00000000080088a6                speedServo
 .text.DJI_Init
                0x00000000080088b8       0xb4 ./build/Debug/UC/DJI.o
                0x00000000080088b8                DJI_Init
 .text.CanTransmit_DJI_1234
                0x000000000800896c       0x70 ./build/Debug/UC/DJI.o
                0x000000000800896c                CanTransmit_DJI_1234
 .text.DJI_Update
                0x00000000080089dc       0xf0 ./build/Debug/UC/DJI.o
                0x00000000080089dc                DJI_Update
 .text.get_dji_offset
                0x0000000008008acc       0x38 ./build/Debug/UC/DJI.o
                0x0000000008008acc                get_dji_offset
 .text.DJI_CanMsgDecode
                0x0000000008008b04       0x44 ./build/Debug/UC/DJI.o
                0x0000000008008b04                DJI_CanMsgDecode
 .text.StartChassisTask
                0x0000000008008b48       0x98 ./build/Debug/UC/_main_thread.o
                0x0000000008008b48                StartChassisTask
 .text.StartUpControlTask
                0x0000000008008be0       0x14 ./build/Debug/UC/_main_thread.o
                0x0000000008008be0                StartUpControlTask
 .text.HAL_GPIO_EXTI_Callback
                0x0000000008008bf4       0x10 ./build/Debug/UC/_main_thread.o
                0x0000000008008bf4                HAL_GPIO_EXTI_Callback
 .text.mavlink_sha256_calc
                0x0000000008008c04      0x150 ./build/Debug/UC/_mavlink_thread.o
 .text.mavlink_signature_check
                0x0000000008008d54      0x550 ./build/Debug/UC/_mavlink_thread.o
 .text.mavlink_frame_char_buffer
                0x00000000080092a4      0x4a8 ./build/Debug/UC/_mavlink_thread.o
 .text.StartMavlinkTask
                0x000000000800974c      0x6c8 ./build/Debug/UC/_mavlink_thread.o
                0x000000000800974c                StartMavlinkTask
 .text.wtrMavlink_MsgRxCpltCallback
                0x0000000008009e14       0x4c ./build/Debug/UC/_mavlink_thread.o
                0x0000000008009e14                wtrMavlink_MsgRxCpltCallback
 .text.HAL_UART_RxCpltCallback
                0x0000000008009e60       0xcc ./build/Debug/UC/_mavlink_thread.o
                0x0000000008009e60                HAL_UART_RxCpltCallback
 .text.MY_GPIO_Init
                0x0000000008009f2c       0xa0 ./build/Debug/UC/bsp_GPIO_ENABLE.o
                0x0000000008009f2c                MY_GPIO_Init
 .text.OPS_Decode
                0x0000000008009fcc       0xe8 ./build/Debug/UC/ops.o
                0x0000000008009fcc                OPS_Decode
 .text.RetargetInit
                0x000000000800a0b4       0x20 ./build/Debug/UC/retarget.o
                0x000000000800a0b4                RetargetInit
 .text._isatty  0x000000000800a0d4       0x16 ./build/Debug/UC/retarget.o
                0x000000000800a0d4                _isatty
 *fill*         0x000000000800a0ea        0x2 
 .text._write   0x000000000800a0ec       0x34 ./build/Debug/UC/retarget.o
                0x000000000800a0ec                _write
 .text._close   0x000000000800a120       0x18 ./build/Debug/UC/retarget.o
                0x000000000800a120                _close
 .text._lseek   0x000000000800a138       0x10 ./build/Debug/UC/retarget.o
                0x000000000800a138                _lseek
 .text._read    0x000000000800a148       0x30 ./build/Debug/UC/retarget.o
                0x000000000800a148                _read
 .text._fstat   0x000000000800a178       0x1a ./build/Debug/UC/retarget.o
                0x000000000800a178                _fstat
 *fill*         0x000000000800a192        0x2 
 .text._Swheel_get_rotationSpeed
                0x000000000800a194       0x2c ./build/Debug/UC/steering_wheel.o
                0x000000000800a194                _Swheel_get_rotationSpeed
 .text._Swheel_get_rotationPos
                0x000000000800a1c0       0x44 ./build/Debug/UC/steering_wheel.o
                0x000000000800a1c0                _Swheel_get_rotationPos
 .text._Swheel_rMotor_speedServo
                0x000000000800a204       0x34 ./build/Debug/UC/steering_wheel.o
                0x000000000800a204                _Swheel_rMotor_speedServo
 .text._Swheel_rMotor_posServo
                0x000000000800a238       0x44 ./build/Debug/UC/steering_wheel.o
                0x000000000800a238                _Swheel_rMotor_posServo
 .text.steeringWheel_rMotor_reset
                0x000000000800a27c       0x48 ./build/Debug/UC/steering_wheel.o
                0x000000000800a27c                steeringWheel_rMotor_reset
 .text._Swheel_mMotor_speedServo
                0x000000000800a2c4       0x3c ./build/Debug/UC/steering_wheel.o
                0x000000000800a2c4                _Swheel_mMotor_speedServo
 .text.steeringWheel_init
                0x000000000800a300       0x1e ./build/Debug/UC/steering_wheel.o
                0x000000000800a300                steeringWheel_init
 .text.steeringWheel_EXTI_Callback
                0x000000000800a31e        0xe ./build/Debug/UC/steering_wheel.o
                0x000000000800a31e                steeringWheel_EXTI_Callback
 *fill*         0x000000000800a32c        0x4 
 .text.Swheel_aim
                0x000000000800a330       0xe4 ./build/Debug/UC/steering_wheel.o
                0x000000000800a330                Swheel_aim
 *fill*         0x000000000800a414        0x4 
 .text.steeringWheel_executor
                0x000000000800a418      0x14c ./build/Debug/UC/steering_wheel.o
                0x000000000800a418                steeringWheel_executor
 .text.swChassis_init
                0x000000000800a564       0xe8 ./build/Debug/UC/steering_wheel_chassis.o
                0x000000000800a564                swChassis_init
 .text.swChassis_set_targetVelocity
                0x000000000800a64c        0x8 ./build/Debug/UC/steering_wheel_chassis.o
                0x000000000800a64c                swChassis_set_targetVelocity
 *fill*         0x000000000800a654        0x4 
 .text.calculate_target_velocity
                0x000000000800a658      0x288 ./build/Debug/UC/steering_wheel_chassis.o
                0x000000000800a658                calculate_target_velocity
 .text.chassis_state_machine
                0x000000000800a8e0       0xc0 ./build/Debug/UC/steering_wheel_chassis.o
                0x000000000800a8e0                chassis_state_machine
 .text.swChassis_executor
                0x000000000800a9a0       0xec ./build/Debug/UC/steering_wheel_chassis.o
                0x000000000800a9a0                swChassis_executor
 .text.swChassis_EXTI_Callback
                0x000000000800aa8c       0x24 ./build/Debug/UC/steering_wheel_chassis.o
                0x000000000800aa8c                swChassis_EXTI_Callback
 .text.swChassis_rM_setFcurrent
                0x000000000800aab0       0x98 ./build/Debug/UC/steering_wheel_chassis.o
                0x000000000800aab0                swChassis_rM_setFcurrent
 .text.swChassis_startCorrect
                0x000000000800ab48       0x2a ./build/Debug/UC/steering_wheel_chassis.o
                0x000000000800ab48                swChassis_startCorrect
 .text.CANFilterInit
                0x000000000800ab72       0x52 ./build/Debug/UC/wtr_can.o
                0x000000000800ab72                CANFilterInit
 .text.CanDataDecode
                0x000000000800abc4       0x24 ./build/Debug/UC/wtr_can.o
                0x000000000800abc4                CanDataDecode
 .text.HAL_CAN_RxFifo0MsgPendingCallback
                0x000000000800abe8       0x44 ./build/Debug/UC/wtr_can.o
                0x000000000800abe8                HAL_CAN_RxFifo0MsgPendingCallback
 .text.wtrMavlink_BindChannel
                0x000000000800ac2c       0x18 ./build/Debug/UC/wtr_mavlink.o
                0x000000000800ac2c                wtrMavlink_BindChannel
 .text.wtrMavlink_StartReceiveIT
                0x000000000800ac44       0x70 ./build/Debug/UC/wtr_mavlink.o
                0x000000000800ac44                wtrMavlink_StartReceiveIT
 .text.assert_param_duty
                0x000000000800acb4       0x34 ./build/Debug/UC/wtr_vesc.o
                0x000000000800acb4                assert_param_duty
 .text.assert_param_current
                0x000000000800ace8       0x30 ./build/Debug/UC/wtr_vesc.o
                0x000000000800ace8                assert_param_current
 .text.assert_param_rpm
                0x000000000800ad18       0x34 ./build/Debug/UC/wtr_vesc.o
                0x000000000800ad18                assert_param_rpm
 .text.assert_param_pos
                0x000000000800ad4c       0x34 ./build/Debug/UC/wtr_vesc.o
                0x000000000800ad4c                assert_param_pos
 .text.can_send_command
                0x000000000800ad80      0x138 ./build/Debug/UC/wtr_vesc.o
                0x000000000800ad80                can_send_command
 *(.glue_7)
 .glue_7        0x000000000800aeb8        0x0 linker stubs
 *(.glue_7t)
 .glue_7t       0x000000000800aeb8        0x0 linker stubs
 *(.eh_frame)
 .eh_frame      0x000000000800aeb8        0x0 /usr/lib/gcc/arm-none-eabi/10.3.1/thumb/v7e-m+fp/softfp/crtbegin.o
 *(.init)
 .init          0x000000000800aeb8        0x4 /usr/lib/gcc/arm-none-eabi/10.3.1/thumb/v7e-m+fp/softfp/crti.o
                0x000000000800aeb8                _init
 .init          0x000000000800aebc        0x8 /usr/lib/gcc/arm-none-eabi/10.3.1/thumb/v7e-m+fp/softfp/crtn.o
 *(.fini)
 .fini          0x000000000800aec4        0x4 /usr/lib/gcc/arm-none-eabi/10.3.1/thumb/v7e-m+fp/softfp/crti.o
                0x000000000800aec4                _fini
 .fini          0x000000000800aec8        0x8 /usr/lib/gcc/arm-none-eabi/10.3.1/thumb/v7e-m+fp/softfp/crtn.o
                0x000000000800aed0                . = ALIGN (0x4)
                0x000000000800aed0                _etext = .

.vfp11_veneer   0x000000000800aed0        0x0
 .vfp11_veneer  0x000000000800aed0        0x0 linker stubs

.v4_bx          0x000000000800aed0        0x0
 .v4_bx         0x000000000800aed0        0x0 linker stubs

.iplt           0x000000000800aed0        0x0
 .iplt          0x000000000800aed0        0x0 /usr/lib/gcc/arm-none-eabi/10.3.1/thumb/v7e-m+fp/softfp/crtbegin.o

.rodata         0x000000000800aed0      0x4cc
                0x000000000800aed0                . = ALIGN (0x4)
 *(.rodata)
 .rodata        0x000000000800aed0       0x30 /usr/lib/gcc/arm-none-eabi/10.3.1/../../../arm-none-eabi/lib/thumb/v7e-m+fp/softfp/libm.a(lib_a-e_atan2.o)
 .rodata        0x000000000800af00       0x10 /usr/lib/gcc/arm-none-eabi/10.3.1/../../../arm-none-eabi/lib/thumb/v7e-m+fp/softfp/libm.a(lib_a-e_fmod.o)
 .rodata        0x000000000800af10      0x188 /usr/lib/gcc/arm-none-eabi/10.3.1/../../../arm-none-eabi/lib/thumb/v7e-m+fp/softfp/libm.a(lib_a-e_rem_pio2.o)
 .rodata        0x000000000800b098       0x50 /usr/lib/gcc/arm-none-eabi/10.3.1/../../../arm-none-eabi/lib/thumb/v7e-m+fp/softfp/libm.a(lib_a-k_rem_pio2.o)
 .rodata        0x000000000800b0e8       0x40 /usr/lib/gcc/arm-none-eabi/10.3.1/../../../arm-none-eabi/lib/thumb/v7e-m+fp/softfp/libm.a(lib_a-s_atan.o)
 .rodata        0x000000000800b128       0x60 /usr/lib/gcc/arm-none-eabi/10.3.1/../../../arm-none-eabi/lib/thumb/v7e-m+fp/softfp/libc_nano.a(lib_a-findfp.o)
                0x000000000800b128                __sf_fake_stderr
                0x000000000800b148                __sf_fake_stdout
                0x000000000800b168                __sf_fake_stdin
 .rodata        0x000000000800b188        0x4 /usr/lib/gcc/arm-none-eabi/10.3.1/../../../arm-none-eabi/lib/thumb/v7e-m+fp/softfp/libc_nano.a(lib_a-impure.o)
                0x000000000800b188                _global_impure_ptr
 *(.rodata*)
 .rodata.str1.4
                0x000000000800b18c       0x28 ./build/Debug/Core/Src/freertos.o
 .rodata.MavlinkTask_attributes
                0x000000000800b1b4       0x24 ./build/Debug/Core/Src/freertos.o
                0x000000000800b1b4                MavlinkTask_attributes
 .rodata.chassisTask_attributes
                0x000000000800b1d8       0x24 ./build/Debug/Core/Src/freertos.o
                0x000000000800b1d8                chassisTask_attributes
 .rodata.upControlTask_attributes
                0x000000000800b1fc       0x24 ./build/Debug/Core/Src/freertos.o
                0x000000000800b1fc                upControlTask_attributes
 .rodata.AHBPrescTable
                0x000000000800b220       0x10 ./build/Debug/Core/Src/system_stm32f4xx.o
                0x000000000800b220                AHBPrescTable
 .rodata.APBPrescTable
                0x000000000800b230        0x8 ./build/Debug/Core/Src/system_stm32f4xx.o
                0x000000000800b230                APBPrescTable
 .rodata.flagBitshiftOffset.0
                0x000000000800b238        0x8 ./build/Debug/Drivers/STM32F4xx_HAL_Driver/Src/stm32f4xx_hal_dma.o
 .rodata.vTaskStartScheduler.str1.4
                0x000000000800b240        0x5 ./build/Debug/Middlewares/Third_Party/FreeRTOS/Source/tasks.o
 *fill*         0x000000000800b245        0x3 
 .rodata.prvCheckForValidListAndQueue.str1.4
                0x000000000800b248        0x5 ./build/Debug/Middlewares/Third_Party/FreeRTOS/Source/timers.o
 *fill*         0x000000000800b24d        0x3 
 .rodata.xTimerCreateTimerTask.str1.4
                0x000000000800b250        0x8 ./build/Debug/Middlewares/Third_Party/FreeRTOS/Source/timers.o
 .rodata.mavlink_message_crcs.0
                0x000000000800b258       0x24 ./build/Debug/UC/_mavlink_thread.o
 .rodata.mavlink_sha256_constant_256
                0x000000000800b27c      0x100 ./build/Debug/UC/_mavlink_thread.o
 .rodata.swChassis_wheel_x
                0x000000000800b37c       0x10 ./build/Debug/UC/steering_wheel_chassis.o
                0x000000000800b37c                swChassis_wheel_x
 .rodata.swChassis_wheel_y
                0x000000000800b38c       0x10 ./build/Debug/UC/steering_wheel_chassis.o
                0x000000000800b38c                swChassis_wheel_y
                0x000000000800b39c                . = ALIGN (0x4)

.ARM.extab
 *(.ARM.extab* .gnu.linkonce.armextab.*)

.ARM            0x000000000800b39c        0x8
                0x000000000800b39c                __exidx_start = .
 *(.ARM.exidx*)
 .ARM.exidx     0x000000000800b39c        0x8 /usr/lib/gcc/arm-none-eabi/10.3.1/thumb/v7e-m+fp/softfp/libgcc.a(_udivmoddi4.o)
                0x000000000800b3a4                __exidx_end = .

.rel.dyn        0x000000000800b3a4        0x0
 .rel.iplt      0x000000000800b3a4        0x0 /usr/lib/gcc/arm-none-eabi/10.3.1/thumb/v7e-m+fp/softfp/crtbegin.o

.preinit_array  0x000000000800b3a4        0x0
                0x000000000800b3a4                PROVIDE (__preinit_array_start = .)
 *(.preinit_array*)
                0x000000000800b3a4                PROVIDE (__preinit_array_end = .)

.init_array     0x000000000800b3a4        0x4
                0x000000000800b3a4                PROVIDE (__init_array_start = .)
 *(SORT_BY_NAME(.init_array.*))
 *(.init_array*)
 .init_array    0x000000000800b3a4        0x4 /usr/lib/gcc/arm-none-eabi/10.3.1/thumb/v7e-m+fp/softfp/crtbegin.o
                0x000000000800b3a8                PROVIDE (__init_array_end = .)

.fini_array     0x000000000800b3a8        0x4
                0x000000000800b3a8                PROVIDE (__fini_array_start = .)
 *(SORT_BY_NAME(.fini_array.*))
 *(.fini_array*)
 .fini_array    0x000000000800b3a8        0x4 /usr/lib/gcc/arm-none-eabi/10.3.1/thumb/v7e-m+fp/softfp/crtbegin.o
                0x000000000800b3ac                PROVIDE (__fini_array_end = .)
                0x000000000800b3ac                _sidata = LOADADDR (.data)

.data           0x0000000020000000       0x78 load address 0x000000000800b3ac
                0x0000000020000000                . = ALIGN (0x4)
                0x0000000020000000                _sdata = .
 *(.data)
 .data          0x0000000020000000        0x1 /usr/lib/gcc/arm-none-eabi/10.3.1/../../../arm-none-eabi/lib/thumb/v7e-m+fp/softfp/libm.a(lib_a-s_lib_ver.o)
                0x0000000020000000                __fdlib_version
 *fill*         0x0000000020000001        0x3 
 .data          0x0000000020000004       0x64 /usr/lib/gcc/arm-none-eabi/10.3.1/../../../arm-none-eabi/lib/thumb/v7e-m+fp/softfp/libc_nano.a(lib_a-impure.o)
                0x0000000020000004                _impure_ptr
 *(.data*)
 .data.SystemCoreClock
                0x0000000020000068        0x4 ./build/Debug/Core/Src/system_stm32f4xx.o
                0x0000000020000068                SystemCoreClock
 .data.uwTickFreq
                0x000000002000006c        0x1 ./build/Debug/Drivers/STM32F4xx_HAL_Driver/Src/stm32f4xx_hal.o
                0x000000002000006c                uwTickFreq
 *fill*         0x000000002000006d        0x3 
 .data.uwTickPrio
                0x0000000020000070        0x4 ./build/Debug/Drivers/STM32F4xx_HAL_Driver/Src/stm32f4xx_hal.o
                0x0000000020000070                uwTickPrio
 .data.uxCriticalNesting
                0x0000000020000074        0x4 ./build/Debug/Middlewares/Third_Party/FreeRTOS/Source/portable/GCC/ARM_CM4F/port.o
                0x0000000020000078                . = ALIGN (0x4)
                0x0000000020000078                _edata = .
                0x000000000800b424                _siccmram = LOADADDR (.ccmram)

.tm_clone_table
                0x0000000020000078        0x0 load address 0x000000000800b424
 .tm_clone_table
                0x0000000020000078        0x0 /usr/lib/gcc/arm-none-eabi/10.3.1/thumb/v7e-m+fp/softfp/crtbegin.o
 .tm_clone_table
                0x0000000020000078        0x0 /usr/lib/gcc/arm-none-eabi/10.3.1/thumb/v7e-m+fp/softfp/crtend.o

.igot.plt       0x0000000020000078        0x0 load address 0x000000000800b424
 .igot.plt      0x0000000020000078        0x0 /usr/lib/gcc/arm-none-eabi/10.3.1/thumb/v7e-m+fp/softfp/crtbegin.o

.ccmram         0x0000000010000000        0x0 load address 0x000000000800b424
                0x0000000010000000                . = ALIGN (0x4)
                0x0000000010000000                _sccmram = .
 *(.ccmram)
 *(.ccmram*)
                0x0000000010000000                . = ALIGN (0x4)
                0x0000000010000000                _eccmram = .
                0x0000000010000000                . = ALIGN (0x4)

.bss            0x0000000020000078     0x57cc
                0x0000000020000078                _sbss = .
                0x0000000020000078                __bss_start__ = _sbss
 *(.bss)
 .bss           0x0000000020000078       0x1c /usr/lib/gcc/arm-none-eabi/10.3.1/thumb/v7e-m+fp/softfp/crtbegin.o
 .bss           0x0000000020000094        0x8 /usr/lib/gcc/arm-none-eabi/10.3.1/../../../arm-none-eabi/lib/thumb/v7e-m+fp/softfp/libc_nano.a(lib_a-nano-mallocr.o)
                0x0000000020000094                __malloc_free_list
                0x0000000020000098                __malloc_sbrk_start
 .bss           0x000000002000009c        0x4 /usr/lib/gcc/arm-none-eabi/10.3.1/../../../arm-none-eabi/lib/thumb/v7e-m+fp/softfp/libc_nano.a(lib_a-reent.o)
                0x000000002000009c                errno
 *(.bss*)
 .bss.hcan1     0x00000000200000a0       0x28 ./build/Debug/Core/Src/can.o
                0x00000000200000a0                hcan1
 .bss.MavlinkTaskHandle
                0x00000000200000c8        0x4 ./build/Debug/Core/Src/freertos.o
                0x00000000200000c8                MavlinkTaskHandle
 .bss.chassisTaskHandle
                0x00000000200000cc        0x4 ./build/Debug/Core/Src/freertos.o
                0x00000000200000cc                chassisTaskHandle
 .bss.upControlTaskHandle
                0x00000000200000d0        0x4 ./build/Debug/Core/Src/freertos.o
                0x00000000200000d0                upControlTaskHandle
 .bss.htim1     0x00000000200000d4       0x48 ./build/Debug/Core/Src/stm32f4xx_hal_timebase_tim.o
                0x00000000200000d4                htim1
 .bss.__sbrk_heap_end
                0x000000002000011c        0x4 ./build/Debug/Core/Src/sysmem.o
 .bss.htim2     0x0000000020000120       0x48 ./build/Debug/Core/Src/tim.o
                0x0000000020000120                htim2
 .bss.hdma_usart6_rx
                0x0000000020000168       0x60 ./build/Debug/Core/Src/usart.o
                0x0000000020000168                hdma_usart6_rx
 .bss.hdma_usart6_tx
                0x00000000200001c8       0x60 ./build/Debug/Core/Src/usart.o
                0x00000000200001c8                hdma_usart6_tx
 .bss.huart3    0x0000000020000228       0x44 ./build/Debug/Core/Src/usart.o
                0x0000000020000228                huart3
 .bss.huart6    0x000000002000026c       0x44 ./build/Debug/Core/Src/usart.o
                0x000000002000026c                huart6
 .bss.huart7    0x00000000200002b0       0x44 ./build/Debug/Core/Src/usart.o
                0x00000000200002b0                huart7
 .bss.huart8    0x00000000200002f4       0x44 ./build/Debug/Core/Src/usart.o
                0x00000000200002f4                huart8
 .bss.uwTick    0x0000000020000338        0x4 ./build/Debug/Drivers/STM32F4xx_HAL_Driver/Src/stm32f4xx_hal.o
                0x0000000020000338                uwTick
 .bss.Idle_Stack.2
                0x000000002000033c      0x200 ./build/Debug/Middlewares/Third_Party/FreeRTOS/Source/CMSIS_RTOS_V2/cmsis_os2.o
 .bss.Idle_TCB.3
                0x000000002000053c       0xbc ./build/Debug/Middlewares/Third_Party/FreeRTOS/Source/CMSIS_RTOS_V2/cmsis_os2.o
 .bss.KernelState
                0x00000000200005f8        0x4 ./build/Debug/Middlewares/Third_Party/FreeRTOS/Source/CMSIS_RTOS_V2/cmsis_os2.o
 .bss.Timer_Stack.0
                0x00000000200005fc      0x400 ./build/Debug/Middlewares/Third_Party/FreeRTOS/Source/CMSIS_RTOS_V2/cmsis_os2.o
 .bss.Timer_TCB.1
                0x00000000200009fc       0xbc ./build/Debug/Middlewares/Third_Party/FreeRTOS/Source/CMSIS_RTOS_V2/cmsis_os2.o
 .bss.ucMaxSysCallPriority
                0x0000000020000ab8        0x1 ./build/Debug/Middlewares/Third_Party/FreeRTOS/Source/portable/GCC/ARM_CM4F/port.o
 *fill*         0x0000000020000ab9        0x3 
 .bss.ulMaxPRIGROUPValue
                0x0000000020000abc        0x4 ./build/Debug/Middlewares/Third_Party/FreeRTOS/Source/portable/GCC/ARM_CM4F/port.o
 .bss.pxEnd     0x0000000020000ac0        0x4 ./build/Debug/Middlewares/Third_Party/FreeRTOS/Source/portable/MemMang/heap_4.o
 .bss.ucHeap    0x0000000020000ac4     0x3c00 ./build/Debug/Middlewares/Third_Party/FreeRTOS/Source/portable/MemMang/heap_4.o
 .bss.xBlockAllocatedBit
                0x00000000200046c4        0x4 ./build/Debug/Middlewares/Third_Party/FreeRTOS/Source/portable/MemMang/heap_4.o
 .bss.xFreeBytesRemaining
                0x00000000200046c8        0x4 ./build/Debug/Middlewares/Third_Party/FreeRTOS/Source/portable/MemMang/heap_4.o
 .bss.xMinimumEverFreeBytesRemaining
                0x00000000200046cc        0x4 ./build/Debug/Middlewares/Third_Party/FreeRTOS/Source/portable/MemMang/heap_4.o
 .bss.xNumberOfSuccessfulAllocations
                0x00000000200046d0        0x4 ./build/Debug/Middlewares/Third_Party/FreeRTOS/Source/portable/MemMang/heap_4.o
 .bss.xNumberOfSuccessfulFrees
                0x00000000200046d4        0x4 ./build/Debug/Middlewares/Third_Party/FreeRTOS/Source/portable/MemMang/heap_4.o
 .bss.xStart    0x00000000200046d8        0x8 ./build/Debug/Middlewares/Third_Party/FreeRTOS/Source/portable/MemMang/heap_4.o
 .bss.xQueueRegistry
                0x00000000200046e0       0x40 ./build/Debug/Middlewares/Third_Party/FreeRTOS/Source/queue.o
                0x00000000200046e0                xQueueRegistry
 .bss.pxCurrentTCB
                0x0000000020004720        0x4 ./build/Debug/Middlewares/Third_Party/FreeRTOS/Source/tasks.o
                0x0000000020004720                pxCurrentTCB
 .bss.pxDelayedTaskList
                0x0000000020004724        0x4 ./build/Debug/Middlewares/Third_Party/FreeRTOS/Source/tasks.o
 .bss.pxOverflowDelayedTaskList
                0x0000000020004728        0x4 ./build/Debug/Middlewares/Third_Party/FreeRTOS/Source/tasks.o
 .bss.pxReadyTasksLists
                0x000000002000472c      0x460 ./build/Debug/Middlewares/Third_Party/FreeRTOS/Source/tasks.o
 .bss.uxCurrentNumberOfTasks
                0x0000000020004b8c        0x4 ./build/Debug/Middlewares/Third_Party/FreeRTOS/Source/tasks.o
 .bss.uxDeletedTasksWaitingCleanUp
                0x0000000020004b90        0x4 ./build/Debug/Middlewares/Third_Party/FreeRTOS/Source/tasks.o
 .bss.uxSchedulerSuspended
                0x0000000020004b94        0x4 ./build/Debug/Middlewares/Third_Party/FreeRTOS/Source/tasks.o
 .bss.uxTaskNumber
                0x0000000020004b98        0x4 ./build/Debug/Middlewares/Third_Party/FreeRTOS/Source/tasks.o
 .bss.uxTopReadyPriority
                0x0000000020004b9c        0x4 ./build/Debug/Middlewares/Third_Party/FreeRTOS/Source/tasks.o
 .bss.xDelayedTaskList1
                0x0000000020004ba0       0x14 ./build/Debug/Middlewares/Third_Party/FreeRTOS/Source/tasks.o
 .bss.xDelayedTaskList2
                0x0000000020004bb4       0x14 ./build/Debug/Middlewares/Third_Party/FreeRTOS/Source/tasks.o
 .bss.xIdleTaskHandle
                0x0000000020004bc8        0x4 ./build/Debug/Middlewares/Third_Party/FreeRTOS/Source/tasks.o
 .bss.xNextTaskUnblockTime
                0x0000000020004bcc        0x4 ./build/Debug/Middlewares/Third_Party/FreeRTOS/Source/tasks.o
 .bss.xNumOfOverflows
                0x0000000020004bd0        0x4 ./build/Debug/Middlewares/Third_Party/FreeRTOS/Source/tasks.o
 .bss.xPendedTicks
                0x0000000020004bd4        0x4 ./build/Debug/Middlewares/Third_Party/FreeRTOS/Source/tasks.o
 .bss.xPendingReadyList
                0x0000000020004bd8       0x14 ./build/Debug/Middlewares/Third_Party/FreeRTOS/Source/tasks.o
 .bss.xSchedulerRunning
                0x0000000020004bec        0x4 ./build/Debug/Middlewares/Third_Party/FreeRTOS/Source/tasks.o
 .bss.xSuspendedTaskList
                0x0000000020004bf0       0x14 ./build/Debug/Middlewares/Third_Party/FreeRTOS/Source/tasks.o
 .bss.xTasksWaitingTermination
                0x0000000020004c04       0x14 ./build/Debug/Middlewares/Third_Party/FreeRTOS/Source/tasks.o
 .bss.xTickCount
                0x0000000020004c18        0x4 ./build/Debug/Middlewares/Third_Party/FreeRTOS/Source/tasks.o
 .bss.xYieldPending
                0x0000000020004c1c        0x4 ./build/Debug/Middlewares/Third_Party/FreeRTOS/Source/tasks.o
 .bss.pxCurrentTimerList
                0x0000000020004c20        0x4 ./build/Debug/Middlewares/Third_Party/FreeRTOS/Source/timers.o
 .bss.pxOverflowTimerList
                0x0000000020004c24        0x4 ./build/Debug/Middlewares/Third_Party/FreeRTOS/Source/timers.o
 .bss.ucStaticTimerQueueStorage.1
                0x0000000020004c28       0xa0 ./build/Debug/Middlewares/Third_Party/FreeRTOS/Source/timers.o
 .bss.xActiveTimerList1
                0x0000000020004cc8       0x14 ./build/Debug/Middlewares/Third_Party/FreeRTOS/Source/timers.o
 .bss.xActiveTimerList2
                0x0000000020004cdc       0x14 ./build/Debug/Middlewares/Third_Party/FreeRTOS/Source/timers.o
 .bss.xLastTime.2
                0x0000000020004cf0        0x4 ./build/Debug/Middlewares/Third_Party/FreeRTOS/Source/timers.o
 .bss.xStaticTimerQueue.0
                0x0000000020004cf4       0x50 ./build/Debug/Middlewares/Third_Party/FreeRTOS/Source/timers.o
 .bss.xTimerQueue
                0x0000000020004d44        0x4 ./build/Debug/Middlewares/Third_Party/FreeRTOS/Source/timers.o
 .bss.xTimerTaskHandle
                0x0000000020004d48        0x4 ./build/Debug/Middlewares/Third_Party/FreeRTOS/Source/timers.o
 .bss.TxMailbox
                0x0000000020004d4c        0x4 ./build/Debug/UC/DJI.o
 .bss.hDJI      0x0000000020004d50      0x4a0 ./build/Debug/UC/DJI.o
                0x0000000020004d50                hDJI
 .bss.hVESC     0x00000000200051f0       0x20 ./build/Debug/UC/_main_thread.o
                0x00000000200051f0                hVESC
 .bss.mychassis
                0x0000000020005210       0xc0 ./build/Debug/UC/_main_thread.o
                0x0000000020005210                mychassis
 .bss.actual_pose
                0x00000000200052d0       0x18 ./build/Debug/UC/_mavlink_thread.o
                0x00000000200052d0                actual_pose
 .bss.mv_cmd    0x00000000200052e8       0x18 ./build/Debug/UC/_mavlink_thread.o
                0x00000000200052e8                mv_cmd
 .bss.OPS_Data  0x0000000020005300       0x18 ./build/Debug/UC/ops.o
                0x0000000020005300                OPS_Data
 .bss.ch        0x0000000020005318        0x1 ./build/Debug/UC/ops.o
                0x0000000020005318                ch
 .bss.count     0x0000000020005319        0x1 ./build/Debug/UC/ops.o
 .bss.i         0x000000002000531a        0x1 ./build/Debug/UC/ops.o
                0x000000002000531a                i
 *fill*         0x000000002000531b        0x1 
 .bss.posture   0x000000002000531c       0x18 ./build/Debug/UC/ops.o
                0x000000002000531c                posture
 .bss.gHuart    0x0000000020005334        0x4 ./build/Debug/UC/retarget.o
                0x0000000020005334                gHuart
 .bss.CanReceiveData
                0x0000000020005338        0x8 ./build/Debug/UC/wtr_can.o
                0x0000000020005338                CanReceiveData
 .bss.hMAVLink  0x0000000020005340      0x500 ./build/Debug/UC/wtr_mavlink.o
                0x0000000020005340                hMAVLink
 .bss.txmailbox
                0x0000000020005840        0x4 ./build/Debug/UC/wtr_vesc.o
 *(COMMON)
                0x0000000020005844                . = ALIGN (0x4)
                0x0000000020005844                _ebss = .
                0x0000000020005844                __bss_end__ = _ebss

._user_heap_stack
                0x0000000020005844      0x604
                0x0000000020005848                . = ALIGN (0x8)
 *fill*         0x0000000020005844        0x4 
                [!provide]                        PROVIDE (end = .)
                0x0000000020005848                PROVIDE (_end = .)
                0x0000000020005a48                . = (. + _Min_Heap_Size)
 *fill*         0x0000000020005848      0x200 
                0x0000000020005e48                . = (. + _Min_Stack_Size)
 *fill*         0x0000000020005a48      0x400 
                0x0000000020005e48                . = ALIGN (0x8)

/DISCARD/
 libc.a(*)
 libm.a(*)
 libgcc.a(*)

.ARM.attributes
                0x0000000000000000       0x2e
 *(.ARM.attributes)
 .ARM.attributes
                0x0000000000000000       0x1e /usr/lib/gcc/arm-none-eabi/10.3.1/thumb/v7e-m+fp/softfp/crti.o
 .ARM.attributes
                0x000000000000001e       0x32 /usr/lib/gcc/arm-none-eabi/10.3.1/thumb/v7e-m+fp/softfp/crtbegin.o
 .ARM.attributes
                0x0000000000000050       0x32 ./build/Debug/Core/Src/can.o
 .ARM.attributes
                0x0000000000000082       0x32 ./build/Debug/Core/Src/dma.o
 .ARM.attributes
                0x00000000000000b4       0x32 ./build/Debug/Core/Src/freertos.o
 .ARM.attributes
                0x00000000000000e6       0x32 ./build/Debug/Core/Src/gpio.o
 .ARM.attributes
                0x0000000000000118       0x32 ./build/Debug/Core/Src/main.o
 .ARM.attributes
                0x000000000000014a       0x32 ./build/Debug/Core/Src/stm32f4xx_hal_msp.o
 .ARM.attributes
                0x000000000000017c       0x32 ./build/Debug/Core/Src/stm32f4xx_hal_timebase_tim.o
 .ARM.attributes
                0x00000000000001ae       0x32 ./build/Debug/Core/Src/stm32f4xx_it.o
 .ARM.attributes